Component: ARM Compiler 5.06 update 7 (build 960) Tool: armlink [4d3601]

==============================================================================

Section Cross References

    startup_stm32f103xb.o(RESET) refers to startup_stm32f103xb.o(STACK) for __initial_sp
    startup_stm32f103xb.o(RESET) refers to startup_stm32f103xb.o(.text) for Reset_Handler
    startup_stm32f103xb.o(RESET) refers to stm32f1xx_it.o(i.NMI_Handler) for NMI_Handler
    startup_stm32f103xb.o(RESET) refers to stm32f1xx_it.o(i.HardFault_Handler) for HardFault_Handler
    startup_stm32f103xb.o(RESET) refers to stm32f1xx_it.o(i.MemManage_Handler) for MemManage_Handler
    startup_stm32f103xb.o(RESET) refers to stm32f1xx_it.o(i.BusFault_Handler) for BusFault_Handler
    startup_stm32f103xb.o(RESET) refers to stm32f1xx_it.o(i.UsageFault_Handler) for UsageFault_Handler
    startup_stm32f103xb.o(RESET) refers to stm32f1xx_it.o(i.SVC_Handler) for SVC_Handler
    startup_stm32f103xb.o(RESET) refers to stm32f1xx_it.o(i.DebugMon_Handler) for DebugMon_Handler
    startup_stm32f103xb.o(RESET) refers to stm32f1xx_it.o(i.PendSV_Handler) for PendSV_Handler
    startup_stm32f103xb.o(RESET) refers to stm32f1xx_it.o(i.SysTick_Handler) for SysTick_Handler
    startup_stm32f103xb.o(RESET) refers to stm32f1xx_it.o(i.EXTI9_5_IRQHandler) for EXTI9_5_IRQHandler
    startup_stm32f103xb.o(RESET) refers to stm32f1xx_it.o(i.TIM2_IRQHandler) for TIM2_IRQHandler
    startup_stm32f103xb.o(RESET) refers to stm32f1xx_it.o(i.TIM4_IRQHandler) for TIM4_IRQHandler
    startup_stm32f103xb.o(RESET) refers to stm32f1xx_it.o(i.USART1_IRQHandler) for USART1_IRQHandler
    startup_stm32f103xb.o(.text) refers to system_stm32f1xx.o(i.SystemInit) for SystemInit
    startup_stm32f103xb.o(.text) refers to entry.o(.ARM.Collect$$$$00000000) for __main
    main.o(i.HAL_GPIO_EXTI_Callback) refers to stm32f1xx_hal_gpio.o(i.HAL_GPIO_TogglePin) for HAL_GPIO_TogglePin
    main.o(i.HAL_GPIO_EXTI_Callback) refers to main.o(.data) for .data
    main.o(i.SystemClock_Config) refers to memseta.o(.text) for __aeabi_memclr4
    main.o(i.SystemClock_Config) refers to stm32f1xx_hal_rcc.o(i.HAL_RCC_OscConfig) for HAL_RCC_OscConfig
    main.o(i.SystemClock_Config) refers to stm32f1xx_hal_rcc.o(i.HAL_RCC_ClockConfig) for HAL_RCC_ClockConfig
    main.o(i.main) refers to stm32f1xx_hal.o(i.HAL_Init) for HAL_Init
    main.o(i.main) refers to main.o(i.SystemClock_Config) for SystemClock_Config
    main.o(i.main) refers to gpio.o(i.MX_GPIO_Init) for MX_GPIO_Init
    main.o(i.main) refers to usart.o(i.MX_USART1_UART_Init) for MX_USART1_UART_Init
    main.o(i.main) refers to tim.o(i.MX_TIM1_Init) for MX_TIM1_Init
    main.o(i.main) refers to tim.o(i.MX_TIM2_Init) for MX_TIM2_Init
    main.o(i.main) refers to tim.o(i.MX_TIM4_Init) for MX_TIM4_Init
    main.o(i.main) refers to sys.o(i.delay_init) for delay_init
    main.o(i.main) refers to stm32f1xx_hal_tim.o(i.HAL_TIM_PWM_Start) for HAL_TIM_PWM_Start
    main.o(i.main) refers to stm32f1xx_hal_tim.o(i.HAL_TIM_Encoder_Start) for HAL_TIM_Encoder_Start
    main.o(i.main) refers to mpu6050.o(i.MPU_Init) for MPU_Init
    main.o(i.main) refers to inv_mpu.o(i.mpu_dmp_init) for mpu_dmp_init
    main.o(i.main) refers to inv_mpu.o(i.mpu_dmp_get_data) for mpu_dmp_get_data
    main.o(i.main) refers to mpu6050.o(i.MPU_Get_Gyroscope) for MPU_Get_Gyroscope
    main.o(i.main) refers to mpu6050.o(i.MPU_Get_Accelerometer) for MPU_Get_Accelerometer
    main.o(i.main) refers to encoder.o(i.Read_Encoder) for Read_Encoder
    main.o(i.main) refers to fflti.o(.text) for __aeabi_i2f
    main.o(i.main) refers to control.o(i.balance_UP) for balance_UP
    main.o(i.main) refers to control.o(i.velocity) for velocity
    main.o(i.main) refers to dflti.o(.text) for __aeabi_i2d
    main.o(i.main) refers to dscalb.o(.text) for __ARM_scalbn
    main.o(i.main) refers to dfixi.o(.text) for __aeabi_d2iz
    main.o(i.main) refers to motor.o(i.Xianfu_Pwm) for Xianfu_Pwm
    main.o(i.main) refers to motor.o(i.Turn_Off) for Turn_Off
    main.o(i.main) refers to motor.o(i.Set_Pwm) for Set_Pwm
    main.o(i.main) refers to control.o(i.turn) for turn
    main.o(i.main) refers to tim.o(.bss) for htim1
    main.o(i.main) refers to main.o(.data) for .data
    main.o(i.main) refers to usart.o(.data) for Flag_Left
    gpio.o(i.MX_GPIO_Init) refers to stm32f1xx_hal_gpio.o(i.HAL_GPIO_WritePin) for HAL_GPIO_WritePin
    gpio.o(i.MX_GPIO_Init) refers to stm32f1xx_hal_gpio.o(i.HAL_GPIO_Init) for HAL_GPIO_Init
    gpio.o(i.MX_GPIO_Init) refers to stm32f1xx_hal_cortex.o(i.HAL_NVIC_SetPriority) for HAL_NVIC_SetPriority
    gpio.o(i.MX_GPIO_Init) refers to stm32f1xx_hal_cortex.o(i.HAL_NVIC_EnableIRQ) for HAL_NVIC_EnableIRQ
    tim.o(i.HAL_TIM_Encoder_MspDeInit) refers to stm32f1xx_hal_gpio.o(i.HAL_GPIO_DeInit) for HAL_GPIO_DeInit
    tim.o(i.HAL_TIM_Encoder_MspDeInit) refers to stm32f1xx_hal_cortex.o(i.HAL_NVIC_DisableIRQ) for HAL_NVIC_DisableIRQ
[...]
    i.MX_TIM1_Init                           0x08002600   Section        0  tim.o(i.MX_TIM1_Init)
    i.MX_TIM2_Init                           0x080026d8   Section        0  tim.o(i.MX_TIM2_Init)
    i.MX_TIM4_Init                           0x08002744   Section        0  tim.o(i.MX_TIM4_Init)
    i.MX_USART1_UART_Init                    0x080027b4   Section        0  usart.o(i.MX_USART1_UART_Init)
    i.MemManage_Handler                      0x080027f8   Section        0  stm32f1xx_it.o(i.MemManage_Handler)
    i.NMI_Handler                            0x080027fa   Section        0  stm32f1xx_it.o(i.NMI_Handler)
    i.PendSV_Handler                         0x080027fc   Section        0  stm32f1xx_it.o(i.PendSV_Handler)
    i.Read_Encoder                           0x08002800   Section        0  encoder.o(i.Read_Encoder)
    i.SVC_Handler                            0x08002834   Section        0  stm32f1xx_it.o(i.SVC_Handler)
    i.Set_Pwm                                0x08002838   Section        0  motor.o(i.Set_Pwm)
    i.SysTick_Handler                        0x0800288c   Section        0  stm32f1xx_it.o(i.SysTick_Handler)
    i.SystemClock_Config                     0x08002890   Section        0  main.o(i.SystemClock_Config)
    i.SystemInit                             0x080028ee   Section        0  system_stm32f1xx.o(i.SystemInit)
    i.TIM2_IRQHandler                        0x080028f0   Section        0  stm32f1xx_it.o(i.TIM2_IRQHandler)
    i.TIM4_IRQHandler                        0x080028fc   Section        0  stm32f1xx_it.o(i.TIM4_IRQHandler)
    i.TIM_Base_SetConfig                     0x08002908   Section        0  stm32f1xx_hal_tim.o(i.TIM_Base_SetConfig)
    i.TIM_CCxChannelCmd                      0x08002974   Section        0  stm32f1xx_hal_tim.o(i.TIM_CCxChannelCmd)
    i.TIM_ETR_SetConfig                      0x0800298e   Section        0  stm32f1xx_hal_tim.o(i.TIM_ETR_SetConfig)
    i.TIM_ITRx_SetConfig                     0x080029a2   Section        0  stm32f1xx_hal_tim.o(i.TIM_ITRx_SetConfig)
    TIM_ITRx_SetConfig                       0x080029a3   Thumb Code    16  stm32f1xx_hal_tim.o(i.TIM_ITRx_SetConfig)
    i.TIM_OC1_SetConfig                      0x080029b4   Section        0  stm32f1xx_hal_tim.o(i.TIM_OC1_SetConfig)
    TIM_OC1_SetConfig                        0x080029b5   Thumb Code    74  stm32f1xx_hal_tim.o(i.TIM_OC1_SetConfig)
    i.TIM_OC2_SetConfig                      0x08002a04   Section        0  stm32f1xx_hal_tim.o(i.TIM_OC2_SetConfig)
    i.TIM_OC3_SetConfig                      0x08002a5c   Section        0  stm32f1xx_hal_tim.o(i.TIM_OC3_SetConfig)
    TIM_OC3_SetConfig                        0x08002a5d   Thumb Code    82  stm32f1xx_hal_tim.o(i.TIM_OC3_SetConfig)
    i.TIM_OC4_SetConfig                      0x08002ab4   Section        0  stm32f1xx_hal_tim.o(i.TIM_OC4_SetConfig)
    TIM_OC4_SetConfig                        0x08002ab5   Thumb Code    64  stm32f1xx_hal_tim.o(i.TIM_OC4_SetConfig)
    i.TIM_TI1_ConfigInputStage               0x08002af8   Section        0  stm32f1xx_hal_tim.o(i.TIM_TI1_ConfigInputStage)
    TIM_TI1_ConfigInputStage                 0x08002af9   Thumb Code    34  stm32f1xx_hal_tim.o(i.TIM_TI1_ConfigInputStage)
    i.TIM_TI2_ConfigInputStage               0x08002b1a   Section        0  stm32f1xx_hal_tim.o(i.TIM_TI2_ConfigInputStage)
    TIM_TI2_ConfigInputStage                 0x08002b1b   Thumb Code    36  stm32f1xx_hal_tim.o(i.TIM_TI2_ConfigInputStage)
    i.Turn_Off                               0x08002b40   Section        0  motor.o(i.Turn_Off)
    i.UART_DMAAbortOnError                   0x08002b68   Section        0  stm32f1xx_hal_uart.o(i.UART_DMAAbortOnError)
    UART_DMAAbortOnError                     0x08002b69   Thumb Code    16  stm32f1xx_hal_uart.o(i.UART_DMAAbortOnError)
    i.UART_EndRxTransfer                     0x08002b78   Section        0  stm32f1xx_hal_uart.o(i.UART_EndRxTransfer)
    UART_EndRxTransfer                       0x08002b79   Thumb Code    48  stm32f1xx_hal_uart.o(i.UART_EndRxTransfer)
    i.UART_Receive_IT                        0x08002ba8   Section        0  stm32f1xx_hal_uart.o(i.UART_Receive_IT)
    UART_Receive_IT                          0x08002ba9   Thumb Code   182  stm32f1xx_hal_uart.o(i.UART_Receive_IT)
    i.UART_SetConfig                         0x08002c60   Section        0  stm32f1xx_hal_uart.o(i.UART_SetConfig)
    UART_SetConfig                           0x08002c61   Thumb Code   178  stm32f1xx_hal_uart.o(i.UART_SetConfig)
    i.UART_Start_Receive_IT                  0x08002d18   Section        0  stm32f1xx_hal_uart.o(i.UART_Start_Receive_IT)
    i.USART1_IRQHandler                      0x08002d50   Section        0  stm32f1xx_it.o(i.USART1_IRQHandler)
    i.UsageFault_Handler                     0x08002d5c   Section        0  stm32f1xx_it.o(i.UsageFault_Handler)
    i.Xianfu_Pwm                             0x08002d60   Section        0  motor.o(i.Xianfu_Pwm)
    i.__0printf$8                            0x08002d98   Section        0  printf8.o(i.__0printf$8)
    i.__ARM_fpclassify                       0x08002db8   Section        0  fpclassify.o(i.__ARM_fpclassify)
    i.__NVIC_SetPriority                     0x08002de0   Section        0  stm32f1xx_hal_cortex.o(i.__NVIC_SetPriority)
    __NVIC_SetPriority                       0x08002de1   Thumb Code    32  stm32f1xx_hal_cortex.o(i.__NVIC_SetPriority)
    i.__kernel_poly                          0x08002e00   Section        0  poly.o(i.__kernel_poly)
    i.__mathlib_dbl_infnan                   0x08002eaa   Section        0  dunder.o(i.__mathlib_dbl_infnan)
    i.__mathlib_dbl_infnan2                  0x08002eb0   Section        0  dunder.o(i.__mathlib_dbl_infnan2)
    i.__mathlib_dbl_invalid                  0x08002eb4   Section        0  dunder.o(i.__mathlib_dbl_invalid)
    i.__mathlib_dbl_underflow                0x08002ec0   Section        0  dunder.o(i.__mathlib_dbl_underflow)
    i.__scatterload_copy                     0x08002ed0   Section       14  handlers.o(i.__scatterload_copy)
    i.__scatterload_null                     0x08002ede   Section        2  handlers.o(i.__scatterload_null)
    i.__scatterload_zeroinit                 0x08002ee0   Section       14  handlers.o(i.__scatterload_zeroinit)
    i.__set_errno                            0x08002ef0   Section        0  errno.o(i.__set_errno)
    i._printf_core                           0x08002efc   Section        0  printf8.o(i._printf_core)
    _printf_core                             0x08002efd   Thumb Code   984  printf8.o(i._printf_core)
    i._printf_post_padding                   0x08003300   Section        0  printf8.o(i._printf_post_padding)
    _printf_post_padding                     0x08003301   Thumb Code    36  printf8.o(i._printf_post_padding)
    i._printf_pre_padding                    0x08003324   Section        0  printf8.o(i._printf_pre_padding)
    _printf_pre_padding                      0x08003325   Thumb Code    46  printf8.o(i._printf_pre_padding)
    i.accel_self_test                        0x08003354   Section        0  inv_mpu.o(i.accel_self_test)
    accel_self_test                          0x08003355   Thumb Code   114  inv_mpu.o(i.accel_self_test)
    i.asin                                   0x080033d4   Section        0  asin.o(i.asin)
    i.atan                                   0x08003644   Section        0  atan.o(i.atan)
    i.atan2                                  0x08003864   Section        0  atan2.o(i.atan2)
    i.balance_UP                             0x08003a00   Section        0  control.o(i.balance_UP)
    i.delay_init                             0x08003a30   Section        0  sys.o(i.delay_init)
    i.delay_ms                               0x08003a44   Section        0  sys.o(i.delay_ms)
    i.delay_us                               0x08003a60   Section        0  sys.o(i.delay_us)
    i.dmp_enable_6x_lp_quat                  0x08003a94   Section        0  inv_mpu_dmp_motion_driver.o(i.dmp_enable_6x_lp_quat)
    i.dmp_enable_feature                     0x08003ad0   Section        0  inv_mpu_dmp_motion_driver.o(i.dmp_enable_feature)
    i.dmp_enable_gyro_cal                    0x08003ca8   Section        0  inv_mpu_dmp_motion_driver.o(i.dmp_enable_gyro_cal)
    i.dmp_enable_lp_quat                     0x08003ce4   Section        0  inv_mpu_dmp_motion_driver.o(i.dmp_enable_lp_quat)
    i.dmp_load_motion_driver_firmware        0x08003d20   Section        0  inv_mpu_dmp_motion_driver.o(i.dmp_load_motion_driver_firmware)
    i.dmp_read_fifo                          0x08003d34   Section        0  inv_mpu_dmp_motion_driver.o(i.dmp_read_fifo)
    i.dmp_set_accel_bias                     0x08003e98   Section        0  inv_mpu_dmp_motion_driver.o(i.dmp_set_accel_bias)
    i.dmp_set_fifo_rate                      0x08003f70   Section        0  inv_mpu_dmp_motion_driver.o(i.dmp_set_fifo_rate)
    i.dmp_set_gyro_bias                      0x08003fd4   Section        0  inv_mpu_dmp_motion_driver.o(i.dmp_set_gyro_bias)
    i.dmp_set_orientation                    0x080040a0   Section        0  inv_mpu_dmp_motion_driver.o(i.dmp_set_orientation)
    i.dmp_set_shake_reject_thresh            0x080041ac   Section        0  inv_mpu_dmp_motion_driver.o(i.dmp_set_shake_reject_thresh)
    i.dmp_set_shake_reject_time              0x080041dc   Section        0  inv_mpu_dmp_motion_driver.o(i.dmp_set_shake_reject_time)
    i.dmp_set_shake_reject_timeout           0x080041fc   Section        0  inv_mpu_dmp_motion_driver.o(i.dmp_set_shake_reject_timeout)
    i.dmp_set_tap_axes                       0x0800421c   Section        0  inv_mpu_dmp_motion_driver.o(i.dmp_set_tap_axes)
    i.dmp_set_tap_count                      0x0800425c   Section        0  inv_mpu_dmp_motion_driver.o(i.dmp_set_tap_count)
    i.dmp_set_tap_thresh                     0x08004280   Section        0  inv_mpu_dmp_motion_driver.o(i.dmp_set_tap_thresh)
    i.dmp_set_tap_time                       0x080043a8   Section        0  inv_mpu_dmp_motion_driver.o(i.dmp_set_tap_time)
    i.dmp_set_tap_time_multi                 0x080043c8   Section        0  inv_mpu_dmp_motion_driver.o(i.dmp_set_tap_time_multi)
    i.fputc                                  0x080043e8   Section        0  usart.o(i.fputc)
    i.get_accel_prod_shift                   0x08004400   Section        0  inv_mpu.o(i.get_accel_prod_shift)
    get_accel_prod_shift                     0x08004401   Thumb Code   158  inv_mpu.o(i.get_accel_prod_shift)
    i.get_st_biases                          0x080044ac   Section        0  inv_mpu.o(i.get_st_biases)
    get_st_biases                            0x080044ad   Thumb Code   784  inv_mpu.o(i.get_st_biases)
    i.gyro_self_test                         0x080047c0   Section        0  inv_mpu.o(i.gyro_self_test)
    gyro_self_test                           0x080047c1   Thumb Code   190  inv_mpu.o(i.gyro_self_test)
    i.inv_orientation_matrix_to_scalar       0x08004894   Section        0  inv_mpu.o(i.inv_orientation_matrix_to_scalar)
    i.inv_row_2_scale                        0x080048b6   Section        0  inv_mpu.o(i.inv_row_2_scale)
    i.main                                   0x08004900   Section        0  main.o(i.main)
    i.mget_ms                                0x08004a34   Section        0  inv_mpu.o(i.mget_ms)
    i.mpu_configure_fifo                     0x08004a38   Section        0  inv_mpu.o(i.mpu_configure_fifo)
    i.mpu_dmp_get_data                       0x08004a8c   Section        0  inv_mpu.o(i.mpu_dmp_get_data)
    i.mpu_dmp_init                           0x08004c28   Section        0  inv_mpu.o(i.mpu_dmp_init)
    i.mpu_get_accel_fsr                      0x08004cc4   Section        0  inv_mpu.o(i.mpu_get_accel_fsr)
    i.mpu_get_accel_sens                     0x08004d00   Section        0  inv_mpu.o(i.mpu_get_accel_sens)
    i.mpu_get_gyro_fsr                       0x08004d44   Section        0  inv_mpu.o(i.mpu_get_gyro_fsr)
    i.mpu_get_gyro_sens                      0x08004d78   Section        0  inv_mpu.o(i.mpu_get_gyro_sens)
    i.mpu_get_lpf                            0x08004db8   Section        0  inv_mpu.o(i.mpu_get_lpf)
    i.mpu_get_sample_rate                    0x08004df0   Section        0  inv_mpu.o(i.mpu_get_sample_rate)
    i.mpu_init                               0x08004e0c   Section        0  inv_mpu.o(i.mpu_init)
    i.mpu_load_firmware                      0x08004f94   Section        0  inv_mpu.o(i.mpu_load_firmware)
    i.mpu_lp_accel_mode                      0x08005034   Section        0  inv_mpu.o(i.mpu_lp_accel_mode)
    i.mpu_read_fifo_stream                   0x080050ec   Section        0  inv_mpu.o(i.mpu_read_fifo_stream)
    i.mpu_read_mem                           0x0800517c   Section        0  inv_mpu.o(i.mpu_read_mem)
    i.mpu_reset_fifo                         0x080051d0   Section        0  inv_mpu.o(i.mpu_reset_fifo)
    i.mpu_run_self_test                      0x08005330   Section        0  inv_mpu.o(i.mpu_run_self_test)
    i.mpu_set_accel_fsr                      0x08005420   Section        0  inv_mpu.o(i.mpu_set_accel_fsr)
    i.mpu_set_bypass                         0x08005488   Section        0  inv_mpu.o(i.mpu_set_bypass)
    i.mpu_set_dmp_state                      0x08005564   Section        0  inv_mpu.o(i.mpu_set_dmp_state)
    i.mpu_set_gyro_fsr                       0x080055dc   Section        0  inv_mpu.o(i.mpu_set_gyro_fsr)
    i.mpu_set_int_latched                    0x08005648   Section        0  inv_mpu.o(i.mpu_set_int_latched)
    i.mpu_set_lpf                            0x080056ac   Section        0  inv_mpu.o(i.mpu_set_lpf)
    i.mpu_set_sample_rate                    0x08005718   Section        0  inv_mpu.o(i.mpu_set_sample_rate)
    i.mpu_set_sensors                        0x08005798   Section        0  inv_mpu.o(i.mpu_set_sensors)
    i.mpu_write_mem                          0x08005850   Section        0  inv_mpu.o(i.mpu_write_mem)
    i.myabs                                  0x080058a4   Section        0  motor.o(i.myabs)
    i.run_self_test                          0x080058ac   Section        0  inv_mpu.o(i.run_self_test)
    i.set_int_enable                         0x0800592c   Section        0  inv_mpu.o(i.set_int_enable)
    set_int_enable                           0x0800592d   Thumb Code    84  inv_mpu.o(i.set_int_enable)
    i.sqrt                                   0x08005984   Section        0  sqrt.o(i.sqrt)
    i.turn                                   0x080059d0   Section        0  control.o(i.turn)
    i.velocity                               0x08005af4   Section        0  control.o(i.velocity)
    .constdata                               0x08005bd0   Section       16  system_stm32f1xx.o(.constdata)
    .constdata                               0x08005be0   Section        8  system_stm32f1xx.o(.constdata)
    .constdata                               0x08005be8   Section       27  inv_mpu.o(.constdata)
    .constdata                               0x08005c04   Section       12  inv_mpu.o(.constdata)
    .constdata                               0x08005c10   Section       40  inv_mpu.o(.constdata)
    .constdata                               0x08005c38   Section     3062  inv_mpu_dmp_motion_driver.o(.constdata)
    dmp_memory                               0x08005c38   Data        3062  inv_mpu_dmp_motion_driver.o(.constdata)
    .constdata                               0x08006830   Section       80  asin.o(.constdata)
    pS                                       0x08006830   Data          48  asin.o(.constdata)
    qS                                       0x08006860   Data          32  asin.o(.constdata)
    .constdata                               0x08006880   Section      152  atan.o(.constdata)
    atanhi                                   0x08006880   Data          32  atan.o(.constdata)
    atanlo                                   0x080068a0   Data          32  atan.o(.constdata)
    aTodd                                    0x080068c0   Data          40  atan.o(.constdata)
    aTeven                                   0x080068e8   Data          48  atan.o(.constdata)
    .constdata                               0x08006918   Section        8  qnan.o(.constdata)
    .conststring                             0x08006920   Section       77  inv_mpu.o(.conststring)
    .data                                    0x20000000   Section       60  main.o(.data)
    .data                                    0x2000003c   Section        5  usart.o(.data)
    .data                                    0x20000044   Section       12  stm32f1xx_hal.o(.data)
    .data                                    0x20000050   Section        4  system_stm32f1xx.o(.data)
    .data                                    0x20000054   Section        4  sys.o(.data)
    fac_us                                   0x20000054   Data           4  sys.o(.data)
    .data                                    0x20000058   Section       53  inv_mpu.o(.data)
    st                                       0x20000058   Data          44  inv_mpu.o(.data)
    gyro_orientation                         0x20000084   Data           9  inv_mpu.o(.data)
    .data                                    0x20000090   Section       56  control.o(.data)
    Velocity                                 0x200000a4   Data           4  control.o(.data)
    Encoder_Least                            0x200000a8   Data           4  control.o(.data)
    Encoder                                  0x200000ac   Data           4  control.o(.data)
    Encoder_Integral                         0x200000b0   Data           4  control.o(.data)
    Turn_Target                              0x200000b4   Data           4  control.o(.data)
    Turn                                     0x200000b8   Data           4  control.o(.data)
    Encoder_temp                             0x200000bc   Data           4  control.o(.data)
    Turn_Convert                             0x200000c0   Data           4  control.o(.data)
    Turn_Count                               0x200000c4   Data           4  control.o(.data)
    .data                                    0x200000c8   Section        4  stdout.o(.data)
    .data                                    0x200000cc   Section        4  errno.o(.data)
    _errno                                   0x200000cc   Data           4  errno.o(.data)
    .bss                                     0x200000d0   Section      216  tim.o(.bss)
    .bss                                     0x200001a8   Section       68  usart.o(.bss)
    .bss                                     0x200001ec   Section       16  inv_mpu_dmp_motion_driver.o(.bss)
    dmp                                      0x200001ec   Data          16  inv_mpu_dmp_motion_driver.o(.bss)
    STACK                                    0x20000200   Section     1024  startup_stm32f103xb.o(STACK)

    Global Symbols

    Symbol Name                              Value     Ov Type        Size  Object(Section)

    BuildAttributes$$THM_ISAv4$P$D$K$B$S$PE$A:L22UL41UL21$X:L11$S22US41US21$IEEE1$IW$USESV6$~STKCKD$USESV7$~SHL$OTIME$ROPI$IEEEX$EBA8$MICROLIB$REQ8$PRES8$EABIv2 0x00000000   Number         0  anon$$obj.o ABSOLUTE
    __ARM_use_no_argv                        0x00000000   Number         0  main.o ABSOLUTE
    _printf_a                                0x00000000   Number         0  stubs.o ABSOLUTE
    _printf_c                                0x00000000   Number         0  stubs.o ABSOLUTE
    _printf_charcount                        0x00000000   Number         0  stubs.o ABSOLUTE
    _printf_d                                0x00000000   Number         0  stubs.o ABSOLUTE
    _printf_e                                0x00000000   Number         0  stubs.o ABSOLUTE
    _printf_f                                0x00000000   Number         0  stubs.o ABSOLUTE
    _printf_flags                            0x00000000   Number         0  stubs.o ABSOLUTE
    _printf_fp_dec                           0x00000000   Number         0  stubs.o ABSOLUTE
    _printf_fp_hex                           0x00000000   Number         0  stubs.o ABSOLUTE
    _printf_g                                0x00000000   Number         0  stubs.o ABSOLUTE
    _printf_i                                0x00000000   Number         0  stubs.o ABSOLUTE
    _printf_int_dec                          0x00000000   Number         0  stubs.o ABSOLUTE
    _printf_l                                0x00000000   Number         0  stubs.o ABSOLUTE
    _printf_lc                               0x00000000   Number         0  stubs.o ABSOLUTE
    _printf_ll                               0x00000000   Number         0  stubs.o ABSOLUTE
    _printf_lld                              0x00000000   Number         0  stubs.o ABSOLUTE
    _printf_lli                              0x00000000   Number         0  stubs.o ABSOLUTE
    _printf_llo                              0x00000000   Number         0  stubs.o ABSOLUTE
    _printf_llu                              0x00000000   Number         0  stubs.o ABSOLUTE
    _printf_llx                              0x00000000   Number         0  stubs.o ABSOLUTE
    _printf_longlong_dec                     0x00000000   Number         0  stubs.o ABSOLUTE
    _printf_longlong_hex                     0x00000000   Number         0  stubs.o ABSOLUTE
    _printf_longlong_oct                     0x00000000   Number         0  stubs.o ABSOLUTE
    _printf_ls                               0x00000000   Number         0  stubs.o ABSOLUTE
    _printf_mbtowc                           0x00000000   Number         0  stubs.o ABSOLUTE
    _printf_n                                0x00000000   Number         0  stubs.o ABSOLUTE
    _printf_o                                0x00000000   Number         0  stubs.o ABSOLUTE
    _printf_p                                0x00000000   Number         0  stubs.o ABSOLUTE
    _printf_percent                          0x00000000   Number         0  stubs.o ABSOLUTE
    _printf_pre_padding                      0x00000000   Number         0  stubs.o ABSOLUTE
    _printf_return_value                     0x00000000   Number         0  stubs.o ABSOLUTE
    _printf_s                                0x00000000   Number         0  stubs.o ABSOLUTE
    _printf_sizespec                         0x00000000   Number         0  stubs.o ABSOLUTE
    _printf_str                              0x00000000   Number         0  stubs.o ABSOLUTE
    _printf_truncate_signed                  0x00000000   Number         0  stubs.o ABSOLUTE
    _printf_truncate_unsigned                0x00000000   Number         0  stubs.o ABSOLUTE
    _printf_u                                0x00000000   Number         0  stubs.o ABSOLUTE
    _printf_wc                               0x00000000   Number         0  stubs.o ABSOLUTE
    _printf_wctomb                           0x00000000   Number         0  stubs.o ABSOLUTE
    _printf_widthprec                        0x00000000   Number         0  stubs.o ABSOLUTE
    _printf_x                                0x00000000   Number         0  stubs.o ABSOLUTE
    __arm_fini_                               - Undefined Weak Reference
    __cpp_initialize__aeabi_                  - Undefined Weak Reference
    __cxa_finalize                            - Undefined Weak Reference
    __decompress                              - Undefined Weak Reference
    _clock_init                               - Undefined Weak Reference
    _microlib_exit                            - Undefined Weak Reference
    __Vectors_Size                           0x000000ec   Number         0  startup_stm32f103xb.o ABSOLUTE
    __Vectors                                0x08000000   Data           4  startup_stm32f103xb.o(RESET)
    __Vectors_End                            0x080000ec   Data           0  startup_stm32f103xb.o(RESET)
    __main                                   0x080000ed   Thumb Code     0  entry.o(.ARM.Collect$$$$00000000)
    _main_stk                                0x080000ed   Thumb Code     0  entry2.o(.ARM.Collect$$$$00000001)
    _main_scatterload                        0x080000f1   Thumb Code     0  entry5.o(.ARM.Collect$$$$00000004)
    __main_after_scatterload                 0x080000f5   Thumb Code     0  entry5.o(.ARM.Collect$$$$00000004)
    _main_clock                              0x080000f5   Thumb Code     0  entry7b.o(.ARM.Collect$$$$00000008)
    _main_cpp_init                           0x080000f5   Thumb Code     0  entry8b.o(.ARM.Collect$$$$0000000A)
    _main_init                               0x080000f5   Thumb Code     0  entry9a.o(.ARM.Collect$$$$0000000B)
    __rt_lib_shutdown_fini                   0x080000fd   Thumb Code     0  entry12b.o(.ARM.Collect$$$$0000000E)
    __rt_final_cpp                           0x08000101   Thumb Code     0  entry10a.o(.ARM.Collect$$$$0000000F)
    __rt_final_exit                          0x08000101   Thumb Code     0  entry11a.o(.ARM.Collect$$$$00000011)
    Reset_Handler                            0x08000105   Thumb Code     8  startup_stm32f103xb.o(.text)
    ADC1_2_IRQHandler                        0x0800011f   Thumb Code     0  startup_stm32f103xb.o(.text)
    CAN1_RX1_IRQHandler                      0x0800011f   Thumb Code     0  startup_stm32f103xb.o(.text)
    CAN1_SCE_IRQHandler                      0x0800011f   Thumb Code     0  startup_stm32f103xb.o(.text)
    DMA1_Channel1_IRQHandler                 0x0800011f   Thumb Code     0  startup_stm32f103xb.o(.text)
    DMA1_Channel2_IRQHandler                 0x0800011f   Thumb Code     0  startup_stm32f103xb.o(.text)
    DMA1_Channel3_IRQHandler                 0x0800011f   Thumb Code     0  startup_stm32f103xb.o(.text)
    DMA1_Channel4_IRQHandler                 0x0800011f   Thumb Code     0  startup_stm32f103xb.o(.text)
    DMA1_Channel5_IRQHandler                 0x0800011f   Thumb Code     0  startup_stm32f103xb.o(.text)
    DMA1_Channel6_IRQHandler                 0x0800011f   Thumb Code     0  startup_stm32f103xb.o(.text)
    DMA1_Channel7_IRQHandler                 0x0800011f   Thumb Code     0  startup_stm32f103xb.o(.text)
    EXTI0_IRQHandler                         0x0800011f   Thumb Code     0  startup_stm32f103xb.o(.text)
    EXTI15_10_IRQHandler                     0x0800011f   Thumb Code     0  startup_stm32f103xb.o(.text)
    EXTI1_IRQHandler                         0x0800011f   Thumb Code     0  startup_stm32f103xb.o(.text)
    EXTI2_IRQHandler                         0x0800011f   Thumb Code     0  startup_stm32f103xb.o(.text)
    EXTI3_IRQHandler                         0x0800011f   Thumb Code     0  startup_stm32f103xb.o(.text)
    EXTI4_IRQHandler                         0x0800011f   Thumb Code     0  startup_stm32f103xb.o(.text)
    FLASH_IRQHandler                         0x0800011f   Thumb Code     0  startup_stm32f103xb.o(.text)
    I2C1_ER_IRQHandler                       0x0800011f   Thumb Code     0  startup_stm32f103xb.o(.text)
    I2C1_EV_IRQHandler                       0x0800011f   Thumb Code     0  startup_stm32f103xb.o(.text)
    I2C2_ER_IRQHandler                       0x0800011f   Thumb Code     0  startup_stm32f103xb.o(.text)
    I2C2_EV_IRQHandler                       0x0800011f   Thumb Code     0  startup_stm32f103xb.o(.text)
    PVD_IRQHandler                           0x0800011f   Thumb Code     0  startup_stm32f103xb.o(.text)
    RCC_IRQHandler                           0x0800011f   Thumb Code     0  startup_stm32f103xb.o(.text)
    RTC_Alarm_IRQHandler                     0x0800011f   Thumb Code     0  startup_stm32f103xb.o(.text)
    RTC_IRQHandler                           0x0800011f   Thumb Code     0  startup_stm32f103xb.o(.text)
    SPI1_IRQHandler                          0x0800011f   Thumb Code     0  startup_stm32f103xb.o(.text)
    SPI2_IRQHandler                          0x0800011f   Thumb Code     0  startup_stm32f103xb.o(.text)
    TAMPER_IRQHandler                        0x0800011f   Thumb Code     0  startup_stm32f103xb.o(.text)
    TIM1_BRK_IRQHandler                      0x0800011f   Thumb Code     0  startup_stm32f103xb.o(.text)
    TIM1_CC_IRQHandler                       0x0800011f   Thumb Code     0  startup_stm32f103xb.o(.text)
    TIM1_TRG_COM_IRQHandler                  0x0800011f   Thumb Code     0  startup_stm32f103xb.o(.text)
    TIM1_UP_IRQHandler                       0x0800011f   Thumb Code     0  startup_stm32f103xb.o(.text)
    TIM3_IRQHandler                          0x0800011f   Thumb Code     0  startup_stm32f103xb.o(.text)
    USART2_IRQHandler                        0x0800011f   Thumb Code     0  startup_stm32f103xb.o(.text)
    USART3_IRQHandler                        0x0800011f   Thumb Code     0  startup_stm32f103xb.o(.text)
    USBWakeUp_IRQHandler                     0x0800011f   Thumb Code     0  startup_stm32f103xb.o(.text)
    USB_HP_CAN1_TX_IRQHandler                0x0800011f   Thumb Code     0  startup_stm32f103xb.o(.text)
    USB_LP_CAN1_RX0_IRQHandler               0x0800011f   Thumb Code     0  startup_stm32f103xb.o(.text)
    WWDG_IRQHandler                          0x0800011f   Thumb Code     0  startup_stm32f103xb.o(.text)
    __aeabi_ldivmod                          0x08000129   Thumb Code    98  ldiv.o(.text)
    __aeabi_llsr                             0x0800018b   Thumb Code    32  llushr.o(.text)
    _ll_ushift_r                             0x0800018b   Thumb Code     0  llushr.o(.text)
    __aeabi_memset                           0x080001ab   Thumb Code    14  memseta.o(.text)
    __aeabi_memset4                          0x080001ab   Thumb Code     0  memseta.o(.text)
    __aeabi_memset8                          0x080001ab   Thumb Code     0  memseta.o(.text)
    __aeabi_memclr                           0x080001b9   Thumb Code     4  memseta.o(.text)
    __aeabi_memclr4                          0x080001b9   Thumb Code     0  memseta.o(.text)
    __aeabi_memclr8                          0x080001b9   Thumb Code     0  memseta.o(.text)
    _memset$wrapper                          0x080001bd   Thumb Code    18  memseta.o(.text)
    memcmp                                   0x080001cf   Thumb Code    26  memcmp.o(.text)
    __aeabi_fadd                             0x080001e9   Thumb Code   164  fadd.o(.text)
    __aeabi_fsub                             0x0800028d   Thumb Code     6  fadd.o(.text)
    __aeabi_frsub                            0x08000293   Thumb Code     6  fadd.o(.text)
    __aeabi_fmul                             0x08000299   Thumb Code   100  fmul.o(.text)
    __aeabi_fdiv                             0x080002fd   Thumb Code   124  fdiv.o(.text)
    __ARM_scalbnf                            0x08000379   Thumb Code    24  fscalb.o(.text)
    scalbnf                                  0x08000379   Thumb Code     0  fscalb.o(.text)
    __aeabi_dadd                             0x08000391   Thumb Code   322  dadd.o(.text)
    __aeabi_dsub                             0x080004d3   Thumb Code     6  dadd.o(.text)
    __aeabi_drsub                            0x080004d9   Thumb Code     6  dadd.o(.text)
    __aeabi_dmul                             0x080004df   Thumb Code   228  dmul.o(.text)
    __aeabi_ddiv                             0x080005c3   Thumb Code   222  ddiv.o(.text)
    __ARM_scalbn                             0x080006a1   Thumb Code    46  dscalb.o(.text)
    scalbn                                   0x080006a1   Thumb Code     0  dscalb.o(.text)
    __aeabi_i2f                              0x080006cf   Thumb Code    18  fflti.o(.text)
    __aeabi_ui2f                             0x080006e1   Thumb Code    10  ffltui.o(.text)
    __aeabi_i2d                              0x080006eb   Thumb Code    34  dflti.o(.text)
    __aeabi_f2iz                             0x0800070d   Thumb Code    50  ffixi.o(.text)
    __aeabi_f2uiz                            0x0800073f   Thumb Code    40  ffixui.o(.text)
    __aeabi_d2iz                             0x08000767   Thumb Code    62  dfixi.o(.text)
    __aeabi_f2d                              0x080007a5   Thumb Code    38  f2d.o(.text)
    __aeabi_d2f                              0x080007cb   Thumb Code    56  d2f.o(.text)
    __aeabi_cfrcmple                         0x08000805   Thumb Code    20  cfrcmple.o(.text)
    __aeabi_uldivmod                         0x08000819   Thumb Code    98  uldiv.o(.text)
    __aeabi_llsl                             0x0800087b   Thumb Code    30  llshl.o(.text)
    _ll_shift_l                              0x0800087b   Thumb Code     0  llshl.o(.text)
    __aeabi_lasr                             0x08000899   Thumb Code    36  llsshr.o(.text)
    _ll_sshift_r                             0x08000899   Thumb Code     0  llsshr.o(.text)
    __I$use$fp                               0x080008bd   Thumb Code     0  iusefp.o(.text)
    _float_round                             0x080008bd   Thumb Code    18  fepilogue.o(.text)
    _float_epilogue                          0x080008cf   Thumb Code    92  fepilogue.o(.text)
    _double_round                            0x0800092b   Thumb Code    30  depilogue.o(.text)
    _double_epilogue                         0x08000949   Thumb Code   156  depilogue.o(.text)
    __aeabi_cdcmpeq                          0x080009e5   Thumb Code     0  cdcmple.o(.text)
    __aeabi_cdcmple                          0x080009e5   Thumb Code    48  cdcmple.o(.text)
    __scatterload                            0x08000a15   Thumb Code    28  init.o(.text)
    __scatterload_rt2                        0x08000a15   Thumb Code     0  init.o(.text)
    _dsqrt                                   0x08000a39   Thumb Code   162  dsqrt.o(.text)
    BusFault_Handler                         0x08000adb   Thumb Code     2  stm32f1xx_it.o(i.BusFault_Handler)
    DebugMon_Handler                         0x08000add   Thumb Code     2  stm32f1xx_it.o(i.DebugMon_Handler)
    EXTI9_5_IRQHandler                       0x08000adf   Thumb Code     6  stm32f1xx_it.o(i.EXTI9_5_IRQHandler)
    Error_Handler                            0x08000ae5   Thumb Code     4  main.o(i.Error_Handler)
    HAL_DMA_Abort                            0x08000ae9   Thumb Code    70  stm32f1xx_hal_dma.o(i.HAL_DMA_Abort)
    HAL_DMA_Abort_IT                         0x08000b31   Thumb Code   148  stm32f1xx_hal_dma.o(i.HAL_DMA_Abort_IT)
    HAL_GPIO_EXTI_Callback                   0x08000bc9   Thumb Code    40  main.o(i.HAL_GPIO_EXTI_Callback)
    HAL_GPIO_EXTI_IRQHandler                 0x08000bf9   Thumb Code    18  stm32f1xx_hal_gpio.o(i.HAL_GPIO_EXTI_IRQHandler)
    HAL_GPIO_Init                            0x08000c11   Thumb Code   446  stm32f1xx_hal_gpio.o(i.HAL_GPIO_Init)
    HAL_GPIO_TogglePin                       0x08000df1   Thumb Code    16  stm32f1xx_hal_gpio.o(i.HAL_GPIO_TogglePin)
    HAL_GPIO_WritePin                        0x08000e01   Thumb Code    10  stm32f1xx_hal_gpio.o(i.HAL_GPIO_WritePin)
    HAL_GetTick                              0x08000e0d   Thumb Code     6  stm32f1xx_hal.o(i.HAL_GetTick)
    HAL_IncTick                              0x08000e19   Thumb Code    12  stm32f1xx_hal.o(i.HAL_IncTick)
    HAL_Init                                 0x08000e29   Thumb Code    32  stm32f1xx_hal.o(i.HAL_Init)
    HAL_InitTick                             0x08000e4d   Thumb Code    54  stm32f1xx_hal.o(i.HAL_InitTick)
    HAL_MspInit                              0x08000e8d   Thumb Code    52  stm32f1xx_hal_msp.o(i.HAL_MspInit)
    HAL_NVIC_EnableIRQ                       0x08000ec9   Thumb Code    26  stm32f1xx_hal_cortex.o(i.HAL_NVIC_EnableIRQ)
    HAL_NVIC_SetPriority                     0x08000ee5   Thumb Code    60  stm32f1xx_hal_cortex.o(i.HAL_NVIC_SetPriority)
    HAL_NVIC_SetPriorityGrouping             0x08000f25   Thumb Code    26  stm32f1xx_hal_cortex.o(i.HAL_NVIC_SetPriorityGrouping)
    HAL_RCC_ClockConfig                      0x08000f49   Thumb Code   280  stm32f1xx_hal_rcc.o(i.HAL_RCC_ClockConfig)
    HAL_RCC_GetPCLK1Freq                     0x08001075   Thumb Code    20  stm32f1xx_hal_rcc.o(i.HAL_RCC_GetPCLK1Freq)
    HAL_RCC_GetPCLK2Freq                     0x08001095   Thumb Code    20  stm32f1xx_hal_rcc.o(i.HAL_RCC_GetPCLK2Freq)
    HAL_RCC_GetSysClockFreq                  0x080010b5   Thumb Code    74  stm32f1xx_hal_rcc.o(i.HAL_RCC_GetSysClockFreq)
    HAL_RCC_OscConfig                        0x08001121   Thumb Code   778  stm32f1xx_hal_rcc.o(i.HAL_RCC_OscConfig)
    HAL_SYSTICK_CLKSourceConfig              0x08001441   Thumb Code    24  stm32f1xx_hal_cortex.o(i.HAL_SYSTICK_CLKSourceConfig)
    HAL_SYSTICK_Config                       0x08001459   Thumb Code    40  stm32f1xx_hal_cortex.o(i.HAL_SYSTICK_Config)
    HAL_TIMEx_BreakCallback                  0x08001481   Thumb Code     2  stm32f1xx_hal_tim_ex.o(i.HAL_TIMEx_BreakCallback)
    HAL_TIMEx_CommutCallback                 0x08001483   Thumb Code     2  stm32f1xx_hal_tim_ex.o(i.HAL_TIMEx_CommutCallback)
    HAL_TIMEx_ConfigBreakDeadTime            0x08001485   Thumb Code    84  stm32f1xx_hal_tim_ex.o(i.HAL_TIMEx_ConfigBreakDeadTime)
    HAL_TIMEx_MasterConfigSynchronization    0x080014d9   Thumb Code    92  stm32f1xx_hal_tim_ex.o(i.HAL_TIMEx_MasterConfigSynchronization)
    HAL_TIM_Base_Init                        0x08001541   Thumb Code    90  stm32f1xx_hal_tim.o(i.HAL_TIM_Base_Init)
    HAL_TIM_Base_MspInit                     0x0800159d   Thumb Code    30  tim.o(i.HAL_TIM_Base_MspInit)
    HAL_TIM_ConfigClockSource                0x080015c5   Thumb Code   214  stm32f1xx_hal_tim.o(i.HAL_TIM_ConfigClockSource)
    HAL_TIM_Encoder_Init                     0x0800169b   Thumb Code   164  stm32f1xx_hal_tim.o(i.HAL_TIM_Encoder_Init)
    HAL_TIM_Encoder_MspInit                  0x08001741   Thumb Code   154  tim.o(i.HAL_TIM_Encoder_MspInit)
    HAL_TIM_Encoder_Start                    0x080017ed   Thumb Code   142  stm32f1xx_hal_tim.o(i.HAL_TIM_Encoder_Start)
    HAL_TIM_IC_CaptureCallback               0x0800187b   Thumb Code     2  stm32f1xx_hal_tim.o(i.HAL_TIM_IC_CaptureCallback)
    HAL_TIM_IRQHandler                       0x0800187d   Thumb Code   358  stm32f1xx_hal_tim.o(i.HAL_TIM_IRQHandler)
    HAL_TIM_MspPostInit                      0x080019e5   Thumb Code    64  tim.o(i.HAL_TIM_MspPostInit)
    HAL_TIM_OC_DelayElapsedCallback          0x08001a31   Thumb Code     2  stm32f1xx_hal_tim.o(i.HAL_TIM_OC_DelayElapsedCallback)
    HAL_TIM_PWM_ConfigChannel                0x08001a33   Thumb Code   198  stm32f1xx_hal_tim.o(i.HAL_TIM_PWM_ConfigChannel)
    HAL_TIM_PWM_Init                         0x08001af9   Thumb Code    90  stm32f1xx_hal_tim.o(i.HAL_TIM_PWM_Init)
    HAL_TIM_PWM_MspInit                      0x08001b53   Thumb Code     2  stm32f1xx_hal_tim.o(i.HAL_TIM_PWM_MspInit)
    HAL_TIM_PWM_PulseFinishedCallback        0x08001b55   Thumb Code     2  stm32f1xx_hal_tim.o(i.HAL_TIM_PWM_PulseFinishedCallback)
    HAL_TIM_PWM_Start                        0x08001b59   Thumb Code   144  stm32f1xx_hal_tim.o(i.HAL_TIM_PWM_Start)
    HAL_TIM_PeriodElapsedCallback            0x08001bf5   Thumb Code     2  stm32f1xx_hal_tim.o(i.HAL_TIM_PeriodElapsedCallback)
    HAL_TIM_TriggerCallback                  0x08001bf7   Thumb Code     2  stm32f1xx_hal_tim.o(i.HAL_TIM_TriggerCallback)
    HAL_UARTEx_RxEventCallback               0x08001bf9   Thumb Code     2  stm32f1xx_hal_uart.o(i.HAL_UARTEx_RxEventCallback)
    HAL_UART_ErrorCallback                   0x08001bfb   Thumb Code     2  stm32f1xx_hal_uart.o(i.HAL_UART_ErrorCallback)
    HAL_UART_IRQHandler                      0x08001bfd   Thumb Code   520  stm32f1xx_hal_uart.o(i.HAL_UART_IRQHandler)
    HAL_UART_Init                            0x08001e09   Thumb Code    98  stm32f1xx_hal_uart.o(i.HAL_UART_Init)
    HAL_UART_MspInit                         0x08001e6d   Thumb Code   116  usart.o(i.HAL_UART_MspInit)
    HAL_UART_Receive_IT                      0x08001eed   Thumb Code    42  stm32f1xx_hal_uart.o(i.HAL_UART_Receive_IT)
    HAL_UART_RxCpltCallback                  0x08001f19   Thumb Code   148  usart.o(i.HAL_UART_RxCpltCallback)
    HAL_UART_TxCpltCallback                  0x08001fe5   Thumb Code     2  stm32f1xx_hal_uart.o(i.HAL_UART_TxCpltCallback)
    HardFault_Handler                        0x08001fe7   Thumb Code     2  stm32f1xx_it.o(i.HardFault_Handler)
    IIC_Ack                                  0x08001fe9   Thumb Code    64  iic.o(i.IIC_Ack)
    IIC_Init                                 0x08002031   Thumb Code    72  iic.o(i.IIC_Init)
    IIC_NAck                                 0x08002081   Thumb Code    64  iic.o(i.IIC_NAck)
    IIC_ReadByte                             0x080020c9   Thumb Code   114  iic.o(i.IIC_ReadByte)
    IIC_Start                                0x08002145   Thumb Code    56  iic.o(i.IIC_Start)
    IIC_Stop                                 0x08002185   Thumb Code    64  iic.o(i.IIC_Stop)
    IIC_WaitAck                              0x080021cd   Thumb Code    96  iic.o(i.IIC_WaitAck)
    IIC_WriteByte                            0x08002235   Thumb Code    98  iic.o(i.IIC_WriteByte)
    MPU_Get_Accelerometer                    0x080022a1   Thumb Code    50  mpu6050.o(i.MPU_Get_Accelerometer)
    MPU_Get_Gyroscope                        0x080022d3   Thumb Code    50  mpu6050.o(i.MPU_Get_Gyroscope)
    MPU_Init                                 0x08002305   Thumb Code   118  mpu6050.o(i.MPU_Init)
    MPU_Read_Byte                            0x0800237b   Thumb Code    58  mpu6050.o(i.MPU_Read_Byte)
    MPU_Read_Len                             0x080023b5   Thumb Code   108  mpu6050.o(i.MPU_Read_Len)
    MPU_Set_Accel_Fsr                        0x08002421   Thumb Code    10  mpu6050.o(i.MPU_Set_Accel_Fsr)
    MPU_Set_Gyro_Fsr                         0x0800242b   Thumb Code    10  mpu6050.o(i.MPU_Set_Gyro_Fsr)
    MPU_Set_LPF                              0x08002435   Thumb Code    48  mpu6050.o(i.MPU_Set_LPF)
    MPU_Set_Rate                             0x08002465   Thumb Code    46  mpu6050.o(i.MPU_Set_Rate)
    MPU_Write_Byte                           0x08002493   Thumb Code    60  mpu6050.o(i.MPU_Write_Byte)
    MPU_Write_Len                            0x080024cf   Thumb Code    82  mpu6050.o(i.MPU_Write_Len)
    MX_GPIO_Init                             0x08002521   Thumb Code   204  gpio.o(i.MX_GPIO_Init)
    MX_TIM1_Init                             0x08002601   Thumb Code   208  tim.o(i.MX_TIM1_Init)
    MX_TIM2_Init                             0x080026d9   Thumb Code   104  tim.o(i.MX_TIM2_Init)
    MX_TIM4_Init                             0x08002745   Thumb Code   102  tim.o(i.MX_TIM4_Init)
    MX_USART1_UART_Init                      0x080027b5   Thumb Code    54  usart.o(i.MX_USART1_UART_Init)
    MemManage_Handler                        0x080027f9   Thumb Code     2  stm32f1xx_it.o(i.MemManage_Handler)
    NMI_Handler                              0x080027fb   Thumb Code     2  stm32f1xx_it.o(i.NMI_Handler)
    PendSV_Handler                           0x080027fd   Thumb Code     2  stm32f1xx_it.o(i.PendSV_Handler)
    Read_Encoder                             0x08002801   Thumb Code    44  encoder.o(i.Read_Encoder)
    SVC_Handler                              0x08002835   Thumb Code     2  stm32f1xx_it.o(i.SVC_Handler)
    Set_Pwm                                  0x08002839   Thumb Code    74  motor.o(i.Set_Pwm)
    SysTick_Handler                          0x0800288d   Thumb Code     4  stm32f1xx_it.o(i.SysTick_Handler)
    SystemClock_Config                       0x08002891   Thumb Code    94  main.o(i.SystemClock_Config)
    SystemInit                               0x080028ef   Thumb Code     2  system_stm32f1xx.o(i.SystemInit)
    TIM2_IRQHandler                          0x080028f1   Thumb Code     6  stm32f1xx_it.o(i.TIM2_IRQHandler)
    TIM4_IRQHandler                          0x080028fd   Thumb Code     6  stm32f1xx_it.o(i.TIM4_IRQHandler)
    TIM_Base_SetConfig                       0x08002909   Thumb Code    94  stm32f1xx_hal_tim.o(i.TIM_Base_SetConfig)
    TIM_CCxChannelCmd                        0x08002975   Thumb Code    26  stm32f1xx_hal_tim.o(i.TIM_CCxChannelCmd)
    TIM_ETR_SetConfig                        0x0800298f   Thumb Code    20  stm32f1xx_hal_tim.o(i.TIM_ETR_SetConfig)
    TIM_OC2_SetConfig                        0x08002a05   Thumb Code    84  stm32f1xx_hal_tim.o(i.TIM_OC2_SetConfig)
    Turn_Off                                 0x08002b41   Thumb Code    24  motor.o(i.Turn_Off)
    UART_Start_Receive_IT                    0x08002d19   Thumb Code    54  stm32f1xx_hal_uart.o(i.UART_Start_Receive_IT)
    USART1_IRQHandler                        0x08002d51   Thumb Code     6  stm32f1xx_it.o(i.USART1_IRQHandler)
    UsageFault_Handler                       0x08002d5d   Thumb Code     2  stm32f1xx_it.o(i.UsageFault_Handler)
    Xianfu_Pwm                               0x08002d61   Thumb Code    42  motor.o(i.Xianfu_Pwm)
    __0printf$8                              0x08002d99   Thumb Code    22  printf8.o(i.__0printf$8)
    __1printf$8                              0x08002d99   Thumb Code     0  printf8.o(i.__0printf$8)
    __2printf                                0x08002d99   Thumb Code     0  printf8.o(i.__0printf$8)
    __ARM_fpclassify                         0x08002db9   Thumb Code    40  fpclassify.o(i.__ARM_fpclassify)
    __kernel_poly                            0x08002e01   Thumb Code   170  poly.o(i.__kernel_poly)
    __mathlib_dbl_infnan                     0x08002eab   Thumb Code     6  dunder.o(i.__mathlib_dbl_infnan)
    __mathlib_dbl_infnan2                    0x08002eb1   Thumb Code     4  dunder.o(i.__mathlib_dbl_infnan2)
    __mathlib_dbl_invalid                    0x08002eb5   Thumb Code    12  dunder.o(i.__mathlib_dbl_invalid)
    __mathlib_dbl_underflow                  0x08002ec1   Thumb Code    10  dunder.o(i.__mathlib_dbl_underflow)
    __scatterload_copy                       0x08002ed1   Thumb Code    14  handlers.o(i.__scatterload_copy)
    __scatterload_null                       0x08002edf   Thumb Code     2  handlers.o(i.__scatterload_null)
    __scatterload_zeroinit                   0x08002ee1   Thumb Code    14  handlers.o(i.__scatterload_zeroinit)
    __set_errno                              0x08002ef1   Thumb Code     6  errno.o(i.__set_errno)
    asin                                     0x080033d5   Thumb Code   572  asin.o(i.asin)
    atan                                     0x08003645   Thumb Code   474  atan.o(i.atan)
    atan2                                    0x08003865   Thumb Code   374  atan2.o(i.atan2)
    balance_UP                               0x08003a01   Thumb Code    44  control.o(i.balance_UP)
    delay_init                               0x08003a31   Thumb Code    16  sys.o(i.delay_init)
    delay_ms                                 0x08003a45   Thumb Code    26  sys.o(i.delay_ms)
    delay_us                                 0x08003a61   Thumb Code    48  sys.o(i.delay_us)
    dmp_enable_6x_lp_quat                    0x08003a95   Thumb Code    58  inv_mpu_dmp_motion_driver.o(i.dmp_enable_6x_lp_quat)
    dmp_enable_feature                       0x08003ad1   Thumb Code   464  inv_mpu_dmp_motion_driver.o(i.dmp_enable_feature)
    dmp_enable_gyro_cal                      0x08003ca9   Thumb Code    34  inv_mpu_dmp_motion_driver.o(i.dmp_enable_gyro_cal)
    dmp_enable_lp_quat                       0x08003ce5   Thumb Code    58  inv_mpu_dmp_motion_driver.o(i.dmp_enable_lp_quat)
    dmp_load_motion_driver_firmware          0x08003d21   Thumb Code    16  inv_mpu_dmp_motion_driver.o(i.dmp_load_motion_driver_firmware)
    dmp_read_fifo                            0x08003d35   Thumb Code   352  inv_mpu_dmp_motion_driver.o(i.dmp_read_fifo)
    dmp_set_accel_bias                       0x08003e99   Thumb Code   210  inv_mpu_dmp_motion_driver.o(i.dmp_set_accel_bias)
    dmp_set_fifo_rate                        0x08003f71   Thumb Code    82  inv_mpu_dmp_motion_driver.o(i.dmp_set_fifo_rate)
    dmp_set_gyro_bias                        0x08003fd5   Thumb Code   196  inv_mpu_dmp_motion_driver.o(i.dmp_set_gyro_bias)
    dmp_set_orientation                      0x080040a1   Thumb Code   246  inv_mpu_dmp_motion_driver.o(i.dmp_set_orientation)
    dmp_set_shake_reject_thresh              0x080041ad   Thumb Code    48  inv_mpu_dmp_motion_driver.o(i.dmp_set_shake_reject_thresh)
    dmp_set_shake_reject_time                0x080041dd   Thumb Code    32  inv_mpu_dmp_motion_driver.o(i.dmp_set_shake_reject_time)
    dmp_set_shake_reject_timeout             0x080041fd   Thumb Code    32  inv_mpu_dmp_motion_driver.o(i.dmp_set_shake_reject_timeout)
    dmp_set_tap_axes                         0x0800421d   Thumb Code    64  inv_mpu_dmp_motion_driver.o(i.dmp_set_tap_axes)
    dmp_set_tap_count                        0x0800425d   Thumb Code    34  inv_mpu_dmp_motion_driver.o(i.dmp_set_tap_count)
    dmp_set_tap_thresh                       0x08004281   Thumb Code   274  inv_mpu_dmp_motion_driver.o(i.dmp_set_tap_thresh)
    dmp_set_tap_time                         0x080043a9   Thumb Code    32  inv_mpu_dmp_motion_driver.o(i.dmp_set_tap_time)
    dmp_set_tap_time_multi                   0x080043c9   Thumb Code    32  inv_mpu_dmp_motion_driver.o(i.dmp_set_tap_time_multi)
    fputc                                    0x080043e9   Thumb Code    18  usart.o(i.fputc)
    inv_orientation_matrix_to_scalar         0x08004895   Thumb Code    34  inv_mpu.o(i.inv_orientation_matrix_to_scalar)
    inv_row_2_scale                          0x080048b7   Thumb Code    72  inv_mpu.o(i.inv_row_2_scale)
    main                                     0x08004901   Thumb Code   284  main.o(i.main)
    mget_ms                                  0x08004a35   Thumb Code     2  inv_mpu.o(i.mget_ms)
    mpu_configure_fifo                       0x08004a39   Thumb Code    78  inv_mpu.o(i.mpu_configure_fifo)
    mpu_dmp_get_data                         0x08004a8d   Thumb Code   408  inv_mpu.o(i.mpu_dmp_get_data)
    mpu_dmp_init                             0x08004c29   Thumb Code   152  inv_mpu.o(i.mpu_dmp_init)
    mpu_get_accel_fsr                        0x08004cc5   Thumb Code    54  inv_mpu.o(i.mpu_get_accel_fsr)
    mpu_get_accel_sens                       0x08004d01   Thumb Code    62  inv_mpu.o(i.mpu_get_accel_sens)
    mpu_get_gyro_fsr                         0x08004d45   Thumb Code    48  inv_mpu.o(i.mpu_get_gyro_fsr)
    mpu_get_gyro_sens                        0x08004d79   Thumb Code    44  inv_mpu.o(i.mpu_get_gyro_sens)
    mpu_get_lpf                              0x08004db9   Thumb Code    52  inv_mpu.o(i.mpu_get_lpf)
    mpu_get_sample_rate                      0x08004df1   Thumb Code    22  inv_mpu.o(i.mpu_get_sample_rate)
    mpu_init                                 0x08004e0d   Thumb Code   310  inv_mpu.o(i.mpu_init)
    mpu_load_firmware                        0x08004f95   Thumb Code   154  inv_mpu.o(i.mpu_load_firmware)
    mpu_lp_accel_mode                        0x08005035   Thumb Code   178  inv_mpu.o(i.mpu_lp_accel_mode)
    mpu_read_fifo_stream                     0x080050ed   Thumb Code   140  inv_mpu.o(i.mpu_read_fifo_stream)
    mpu_read_mem                             0x0800517d   Thumb Code    80  inv_mpu.o(i.mpu_read_mem)
    mpu_reset_fifo                           0x080051d1   Thumb Code   346  inv_mpu.o(i.mpu_reset_fifo)
    mpu_run_self_test                        0x08005331   Thumb Code   234  inv_mpu.o(i.mpu_run_self_test)
    mpu_set_accel_fsr                        0x08005421   Thumb Code    98  inv_mpu.o(i.mpu_set_accel_fsr)
    mpu_set_bypass                           0x08005489   Thumb Code   214  inv_mpu.o(i.mpu_set_bypass)
    mpu_set_dmp_state                        0x08005565   Thumb Code   114  inv_mpu.o(i.mpu_set_dmp_state)
    mpu_set_gyro_fsr                         0x080055dd   Thumb Code   104  inv_mpu.o(i.mpu_set_gyro_fsr)
    mpu_set_int_latched                      0x08005649   Thumb Code    94  inv_mpu.o(i.mpu_set_int_latched)
    mpu_set_lpf                              0x080056ad   Thumb Code   102  inv_mpu.o(i.mpu_set_lpf)
    mpu_set_sample_rate                      0x08005719   Thumb Code   124  inv_mpu.o(i.mpu_set_sample_rate)
    mpu_set_sensors                          0x08005799   Thumb Code   178  inv_mpu.o(i.mpu_set_sensors)
    mpu_write_mem                            0x08005851   Thumb Code    80  inv_mpu.o(i.mpu_write_mem)
    myabs                                    0x080058a5   Thumb Code     8  motor.o(i.myabs)
    run_self_test                            0x080058ad   Thumb Code   128  inv_mpu.o(i.run_self_test)
    sqrt                                     0x08005985   Thumb Code    76  sqrt.o(i.sqrt)
    turn                                     0x080059d1   Thumb Code   242  control.o(i.turn)
    velocity                                 0x08005af5   Thumb Code   176  control.o(i.velocity)
    AHBPrescTable                            0x08005bd0   Data          16  system_stm32f1xx.o(.constdata)
    APBPrescTable                            0x08005be0   Data           8  system_stm32f1xx.o(.constdata)
    reg                                      0x08005be8   Data          27  inv_mpu.o(.constdata)
    hw                                       0x08005c04   Data          12  inv_mpu.o(.constdata)
    test                                     0x08005c10   Data          40  inv_mpu.o(.constdata)
    __mathlib_zero                           0x08006918   Data           8  qnan.o(.constdata)
    Region$$Table$$Base                      0x08006970   Number         0  anon$$obj.o(Region$$Table)
    Region$$Table$$Limit                     0x08006990   Number         0  anon$$obj.o(Region$$Table)
    flag                                     0x20000000   Data           1  main.o(.data)
    led_set                                  0x20000001   Data           1  main.o(.data)
    aacx                                     0x20000002   Data           2  main.o(.data)
    aacy                                     0x20000004   Data           2  main.o(.data)
    aacz                                     0x20000006   Data           2  main.o(.data)
    gyrox                                    0x20000008   Data           2  main.o(.data)
    gyroy                                    0x2000000a   Data           2  main.o(.data)
    gyroz                                    0x2000000c   Data           2  main.o(.data)
    Moto1                                    0x20000010   Data           4  main.o(.data)
    Moto2                                    0x20000014   Data           4  main.o(.data)
    Mechanical_angle                         0x20000018   Data           4  main.o(.data)
    pitch                                    0x2000001c   Data           4  main.o(.data)
    roll                                     0x20000020   Data           4  main.o(.data)
    yaw                                      0x20000024   Data           4  main.o(.data)
    Encoder_Left                             0x20000028   Data           4  main.o(.data)
    Encoder_Right                            0x2000002c   Data           4  main.o(.data)
    Balance_Pwm                              0x20000030   Data           4  main.o(.data)
    Velocity_Pwm                             0x20000034   Data           4  main.o(.data)
    Turn_Pwm                                 0x20000038   Data           4  main.o(.data)
    Usart1_Rx_Buff                           0x2000003c   Data           1  usart.o(.data)
    Flag_Qian                                0x2000003d   Data           1  usart.o(.data)
    Flag_Hou                                 0x2000003e   Data           1  usart.o(.data)
    Flag_Left                                0x2000003f   Data           1  usart.o(.data)
    Flag_Right                               0x20000040   Data           1  usart.o(.data)
    uwTickFreq                               0x20000044   Data           1  stm32f1xx_hal.o(.data)
    uwTickPrio                               0x20000048   Data           4  stm32f1xx_hal.o(.data)
    uwTick                                   0x2000004c   Data           4  stm32f1xx_hal.o(.data)
    SystemCoreClock                          0x20000050   Data           4  system_stm32f1xx.o(.data)
    Buletooth_Movement                       0x20000090   Data           4  control.o(.data)
    balance_UP_KP                            0x20000094   Data           4  control.o(.data)
    balance_UP_KD                            0x20000098   Data           4  control.o(.data)
    velocity_KP                              0x2000009c   Data           4  control.o(.data)
    velocity_KI                              0x200000a0   Data           4  control.o(.data)
    __stdout                                 0x200000c8   Data           4  stdout.o(.data)
    htim1                                    0x200000d0   Data          72  tim.o(.bss)
    htim2                                    0x20000118   Data          72  tim.o(.bss)
    htim4                                    0x20000160   Data          72  tim.o(.bss)
    huart1                                   0x200001a8   Data          68  usart.o(.bss)
    __initial_sp                             0x20000600   Data           0  startup_stm32f103xb.o(STACK)



==============================================================================

Memory Map of the image

  Image Entry point : 0x080000ed

  Load Region LR_IROM1 (Base: 0x08000000, Size: 0x00006a60, Max: 0x00010000, ABSOLUTE)

    Execution Region ER_IROM1 (Exec base: 0x08000000, Load base: 0x08000000, Size: 0x00006990, Max: 0x00010000, ABSOLUTE)

    Exec Addr    Load Addr    Size         Type   Attr      Idx    E Section Name        Object

    0x08000000   0x08000000   0x000000ec   Data   RO            3    RESET               startup_stm32f103xb.o
    0x080000ec   0x080000ec   0x00000000   Code   RO         3756  * .ARM.Collect$$$$00000000  mc_w.l(entry.o)
    0x080000ec   0x080000ec   0x00000004   Code   RO         4099    .ARM.Collect$$$$00000001  mc_w.l(entry2.o)
    0x080000f0   0x080000f0   0x00000004   Code   RO         4102    .ARM.Collect$$$$00000004  mc_w.l(entry5.o)
    0x080000f4   0x080000f4   0x00000000   Code   RO         4104    .ARM.Collect$$$$00000008  mc_w.l(entry7b.o)
    0x080000f4   0x080000f4   0x00000000   Code   RO         4106    .ARM.Collect$$$$0000000A  mc_w.l(entry8b.o)
    0x080000f4   0x080000f4   0x00000008   Code   RO         4107    .ARM.Collect$$$$0000000B  mc_w.l(entry9a.o)
    0x080000fc   0x080000fc   0x00000004   Code   RO         4114    .ARM.Collect$$$$0000000E  mc_w.l(entry12b.o)
    0x08000100   0x08000100   0x00000000   Code   RO         4109    .ARM.Collect$$$$0000000F  mc_w.l(entry10a.o)
    0x08000100   0x08000100   0x00000000   Code   RO         4111    .ARM.Collect$$$$00000011  mc_w.l(entry11a.o)
    0x08000100   0x08000100   0x00000004   Code   RO         4100    .ARM.Collect$$$$00002712  mc_w.l(entry2.o)
    0x08000104   0x08000104   0x00000024   Code   RO            4    .text               startup_stm32f103xb.o
    0x08000128   0x08000128   0x00000062   Code   RO         3759    .text               mc_w.l(ldiv.o)
    0x0800018a   0x0800018a   0x00000020   Code   RO         3761    .text               mc_w.l(llushr.o)
    0x080001aa   0x080001aa   0x00000024   Code   RO         3763    .text               mc_w.l(memseta.o)
    0x080001ce   0x080001ce   0x0000001a   Code   RO         3765    .text               mc_w.l(memcmp.o)
    0x080001e8   0x080001e8   0x000000b0   Code   RO         4028    .text               mf_w.l(fadd.o)
    0x08000298   0x08000298   0x00000064   Code   RO         4030    .text               mf_w.l(fmul.o)
    0x080002fc   0x080002fc   0x0000007c   Code   RO         4032    .text               mf_w.l(fdiv.o)
    0x08000378   0x08000378   0x00000018   Code   RO         4034    .text               mf_w.l(fscalb.o)
    0x08000390   0x08000390   0x0000014e   Code   RO         4036    .text               mf_w.l(dadd.o)
    0x080004de   0x080004de   0x000000e4   Code   RO         4038    .text               mf_w.l(dmul.o)
    0x080005c2   0x080005c2   0x000000de   Code   RO         4040    .text               mf_w.l(ddiv.o)
    0x080006a0   0x080006a0   0x0000002e   Code   RO         4042    .text               mf_w.l(dscalb.o)
    0x080006ce   0x080006ce   0x00000012   Code   RO         4044    .text               mf_w.l(fflti.o)
    0x080006e0   0x080006e0   0x0000000a   Code   RO         4046    .text               mf_w.l(ffltui.o)
    0x080006ea   0x080006ea   0x00000022   Code   RO         4048    .text               mf_w.l(dflti.o)
    0x0800070c   0x0800070c   0x00000032   Code   RO         4050    .text               mf_w.l(ffixi.o)
    0x0800073e   0x0800073e   0x00000028   Code   RO         4052    .text               mf_w.l(ffixui.o)
    0x08000766   0x08000766   0x0000003e   Code   RO         4054    .text               mf_w.l(dfixi.o)
    0x080007a4   0x080007a4   0x00000026   Code   RO         4056    .text               mf_w.l(f2d.o)
    0x080007ca   0x080007ca   0x00000038   Code   RO         4058    .text               mf_w.l(d2f.o)
    0x08000802   0x08000802   0x00000002   PAD
    0x08000804   0x08000804   0x00000014   Code   RO         4060    .text               mf_w.l(cfrcmple.o)
    0x08000818   0x08000818   0x00000062   Code   RO         4118    .text               mc_w.l(uldiv.o)
    0x0800087a   0x0800087a   0x0000001e   Code   RO         4120    .text               mc_w.l(llshl.o)
    0x08000898   0x08000898   0x00000024   Code   RO         4122    .text               mc_w.l(llsshr.o)
    0x080008bc   0x080008bc   0x00000000   Code   RO         4131    .text               mc_w.l(iusefp.o)
    0x080008bc   0x080008bc   0x0000006e   Code   RO         4132    .text               mf_w.l(fepilogue.o)
    0x0800092a   0x0800092a   0x000000ba   Code   RO         4134    .text               mf_w.l(depilogue.o)
    0x080009e4   0x080009e4   0x00000030   Code   RO         4138    .text               mf_w.l(cdcmple.o)
    0x08000a14   0x08000a14   0x00000024   Code   RO         4142    .text               mc_w.l(init.o)
    0x08000a38   0x08000a38   0x000000a2   Code   RO         4144    .text               mf_w.l(dsqrt.o)
    0x08000ada   0x08000ada   0x00000002   Code   RO          364    i.BusFault_Handler  stm32f1xx_it.o
    0x08000adc   0x08000adc   0x00000002   Code   RO          365    i.DebugMon_Handler  stm32f1xx_it.o
    0x08000ade   0x08000ade   0x00000006   Code   RO          366    i.EXTI9_5_IRQHandler  stm32f1xx_it.o
    0x08000ae4   0x08000ae4   0x00000004   Code   RO           13    i.Error_Handler     main.o
    0x08000ae8   0x08000ae8   0x00000046   Code   RO         1876    i.HAL_DMA_Abort     stm32f1xx_hal_dma.o
    0x08000b2e   0x08000b2e   0x00000002   PAD
    0x08000b30   0x08000b30   0x00000098   Code   RO         1877    i.HAL_DMA_Abort_IT  stm32f1xx_hal_dma.o
    0x08000bc8   0x08000bc8   0x00000030   Code   RO           14    i.HAL_GPIO_EXTI_Callback  main.o
    0x08000bf8   0x08000bf8   0x00000018   Code   RO         1811    i.HAL_GPIO_EXTI_IRQHandler  stm32f1xx_hal_gpio.o
    0x08000c10   0x08000c10   0x000001e0   Code   RO         1812    i.HAL_GPIO_Init     stm32f1xx_hal_gpio.o
    0x08000df0   0x08000df0   0x00000010   Code   RO         1815    i.HAL_GPIO_TogglePin  stm32f1xx_hal_gpio.o
    0x08000e00   0x08000e00   0x0000000a   Code   RO         1816    i.HAL_GPIO_WritePin  stm32f1xx_hal_gpio.o
    0x08000e0a   0x08000e0a   0x00000002   PAD
    0x08000e0c   0x08000e0c   0x0000000c   Code   RO         1508    i.HAL_GetTick       stm32f1xx_hal.o
    0x08000e18   0x08000e18   0x00000010   Code   RO         1514    i.HAL_IncTick       stm32f1xx_hal.o
    0x08000e28   0x08000e28   0x00000024   Code   RO         1515    i.HAL_Init          stm32f1xx_hal.o
    0x08000e4c   0x08000e4c   0x00000040   Code   RO         1516    i.HAL_InitTick      stm32f1xx_hal.o
    0x08000e8c   0x08000e8c   0x0000003c   Code   RO          464    i.HAL_MspInit       stm32f1xx_hal_msp.o
    0x08000ec8   0x08000ec8   0x0000001a   Code   RO         1972    i.HAL_NVIC_EnableIRQ  stm32f1xx_hal_cortex.o
    0x08000ee2   0x08000ee2   0x00000002   PAD
    0x08000ee4   0x08000ee4   0x00000040   Code   RO         1978    i.HAL_NVIC_SetPriority  stm32f1xx_hal_cortex.o
    0x08000f24   0x08000f24   0x00000024   Code   RO         1979    i.HAL_NVIC_SetPriorityGrouping  stm32f1xx_hal_cortex.o
    0x08000f48   0x08000f48   0x0000012c   Code   RO         1672    i.HAL_RCC_ClockConfig  stm32f1xx_hal_rcc.o
    0x08001074   0x08001074   0x00000020   Code   RO         1679    i.HAL_RCC_GetPCLK1Freq  stm32f1xx_hal_rcc.o
    0x08001094   0x08001094   0x00000020   Code   RO         1680    i.HAL_RCC_GetPCLK2Freq  stm32f1xx_hal_rcc.o
    0x080010b4   0x080010b4   0x0000006c   Code   RO         1681    i.HAL_RCC_GetSysClockFreq  stm32f1xx_hal_rcc.o
    0x08001120   0x08001120   0x00000320   Code   RO         1684    i.HAL_RCC_OscConfig  stm32f1xx_hal_rcc.o
    0x08001440   0x08001440   0x00000018   Code   RO         1981    i.HAL_SYSTICK_CLKSourceConfig  stm32f1xx_hal_cortex.o
    0x08001458   0x08001458   0x00000028   Code   RO         1983    i.HAL_SYSTICK_Config  stm32f1xx_hal_cortex.o
    0x08001480   0x08001480   0x00000002   Code   RO         1230    i.HAL_TIMEx_BreakCallback  stm32f1xx_hal_tim_ex.o
    0x08001482   0x08001482   0x00000002   Code   RO         1231    i.HAL_TIMEx_CommutCallback  stm32f1xx_hal_tim_ex.o
    0x08001484   0x08001484   0x00000054   Code   RO         1233    i.HAL_TIMEx_ConfigBreakDeadTime  stm32f1xx_hal_tim_ex.o
    0x080014d8   0x080014d8   0x00000068   Code   RO         1249    i.HAL_TIMEx_MasterConfigSynchronization  stm32f1xx_hal_tim_ex.o
    0x08001540   0x08001540   0x0000005a   Code   RO          526    i.HAL_TIM_Base_Init  stm32f1xx_hal_tim.o
    0x0800159a   0x0800159a   0x00000002   PAD
    0x0800159c   0x0800159c   0x00000028   Code   RO          238    i.HAL_TIM_Base_MspInit  tim.o
    0x080015c4   0x080015c4   0x000000d6   Code   RO          535    i.HAL_TIM_ConfigClockSource  stm32f1xx_hal_tim.o
    0x0800169a   0x0800169a   0x000000a4   Code   RO          547    i.HAL_TIM_Encoder_Init  stm32f1xx_hal_tim.o
    0x0800173e   0x0800173e   0x00000002   PAD
    0x08001740   0x08001740   0x000000ac   Code   RO          240    i.HAL_TIM_Encoder_MspInit  tim.o
    0x080017ec   0x080017ec   0x0000008e   Code   RO          550    i.HAL_TIM_Encoder_Start  stm32f1xx_hal_tim.o
    0x0800187a   0x0800187a   0x00000002   Code   RO          560    i.HAL_TIM_IC_CaptureCallback  stm32f1xx_hal_tim.o
    0x0800187c   0x0800187c   0x00000166   Code   RO          574    i.HAL_TIM_IRQHandler  stm32f1xx_hal_tim.o
    0x080019e2   0x080019e2   0x00000002   PAD
    0x080019e4   0x080019e4   0x0000004c   Code   RO          241    i.HAL_TIM_MspPostInit  tim.o
    0x08001a30   0x08001a30   0x00000002   Code   RO          577    i.HAL_TIM_OC_DelayElapsedCallback  stm32f1xx_hal_tim.o
    0x08001a32   0x08001a32   0x000000c6   Code   RO          598    i.HAL_TIM_PWM_ConfigChannel  stm32f1xx_hal_tim.o
    0x08001af8   0x08001af8   0x0000005a   Code   RO          601    i.HAL_TIM_PWM_Init  stm32f1xx_hal_tim.o
    0x08001b52   0x08001b52   0x00000002   Code   RO          603    i.HAL_TIM_PWM_MspInit  stm32f1xx_hal_tim.o
    0x08001b54   0x08001b54   0x00000002   Code   RO          604    i.HAL_TIM_PWM_PulseFinishedCallback  stm32f1xx_hal_tim.o
    0x08001b56   0x08001b56   0x00000002   PAD
    0x08001b58   0x08001b58   0x0000009c   Code   RO          606    i.HAL_TIM_PWM_Start  stm32f1xx_hal_tim.o
    0x08001bf4   0x08001bf4   0x00000002   Code   RO          612    i.HAL_TIM_PeriodElapsedCallback  stm32f1xx_hal_tim.o
    0x08001bf6   0x08001bf6   0x00000002   Code   RO          617    i.HAL_TIM_TriggerCallback  stm32f1xx_hal_tim.o
    0x08001bf8   0x08001bf8   0x00000002   Code   RO         2483    i.HAL_UARTEx_RxEventCallback  stm32f1xx_hal_uart.o
    0x08001bfa   0x08001bfa   0x00000002   Code   RO         2497    i.HAL_UART_ErrorCallback  stm32f1xx_hal_uart.o
    0x08001bfc   0x08001bfc   0x0000020c   Code   RO         2500    i.HAL_UART_IRQHandler  stm32f1xx_hal_uart.o
    0x08001e08   0x08001e08   0x00000062   Code   RO         2501    i.HAL_UART_Init     stm32f1xx_hal_uart.o
    0x08001e6a   0x08001e6a   0x00000002   PAD
    0x08001e6c   0x08001e6c   0x00000080   Code   RO          310    i.HAL_UART_MspInit  usart.o
    0x08001eec   0x08001eec   0x0000002a   Code   RO         2506    i.HAL_UART_Receive_IT  stm32f1xx_hal_uart.o
    0x08001f16   0x08001f16   0x00000002   PAD
    0x08001f18   0x08001f18   0x000000cc   Code   RO          311    i.HAL_UART_RxCpltCallback  usart.o
    0x08001fe4   0x08001fe4   0x00000002   Code   RO         2512    i.HAL_UART_TxCpltCallback  stm32f1xx_hal_uart.o
    0x08001fe6   0x08001fe6   0x00000002   Code   RO          367    i.HardFault_Handler  stm32f1xx_it.o
    0x08001fe8   0x08001fe8   0x00000048   Code   RO         2933    i.IIC_Ack           iic.o
    0x08002030   0x08002030   0x00000050   Code   RO         2934    i.IIC_Init          iic.o
    0x08002080   0x08002080   0x00000048   Code   RO         2935    i.IIC_NAck          iic.o
    0x080020c8   0x080020c8   0x0000007c   Code   RO         2936    i.IIC_ReadByte      iic.o
    0x08002144   0x08002144   0x00000040   Code   RO         2937    i.IIC_Start         iic.o
    0x08002184   0x08002184   0x00000048   Code   RO         2938    i.IIC_Stop          iic.o
    0x080021cc   0x080021cc   0x00000068   Code   RO         2939    i.IIC_WaitAck       iic.o
    0x08002234   0x08002234   0x0000006c   Code   RO         2940    i.IIC_WriteByte     iic.o
    0x080022a0   0x080022a0   0x00000032   Code   RO         2999    i.MPU_Get_Accelerometer  mpu6050.o
    0x080022d2   0x080022d2   0x00000032   Code   RO         3000    i.MPU_Get_Gyroscope  mpu6050.o
    0x08002304   0x08002304   0x00000076   Code   RO         3002    i.MPU_Init          mpu6050.o
    0x0800237a   0x0800237a   0x0000003a   Code   RO         3003    i.MPU_Read_Byte     mpu6050.o
    0x080023b4   0x080023b4   0x0000006c   Code   RO         3004    i.MPU_Read_Len      mpu6050.o
    0x08002420   0x08002420   0x0000000a   Code   RO         3005    i.MPU_Set_Accel_Fsr  mpu6050.o
    0x0800242a   0x0800242a   0x0000000a   Code   RO         3006    i.MPU_Set_Gyro_Fsr  mpu6050.o
    0x08002434   0x08002434   0x00000030   Code   RO         3007    i.MPU_Set_LPF       mpu6050.o
    0x08002464   0x08002464   0x0000002e   Code   RO         3008    i.MPU_Set_Rate      mpu6050.o
    0x08002492   0x08002492   0x0000003c   Code   RO         3009    i.MPU_Write_Byte    mpu6050.o
    0x080024ce   0x080024ce   0x00000052   Code   RO         3010    i.MPU_Write_Len     mpu6050.o
    0x08002520   0x08002520   0x000000e0   Code   RO          209    i.MX_GPIO_Init      gpio.o
    0x08002600   0x08002600   0x000000d8   Code   RO          242    i.MX_TIM1_Init      tim.o
    0x080026d8   0x080026d8   0x0000006c   Code   RO          243    i.MX_TIM2_Init      tim.o
    0x08002744   0x08002744   0x00000070   Code   RO          244    i.MX_TIM4_Init      tim.o
    0x080027b4   0x080027b4   0x00000044   Code   RO          312    i.MX_USART1_UART_Init  usart.o
    0x080027f8   0x080027f8   0x00000002   Code   RO          368    i.MemManage_Handler  stm32f1xx_it.o
    0x080027fa   0x080027fa   0x00000002   Code   RO          369    i.NMI_Handler       stm32f1xx_it.o
    0x080027fc   0x080027fc   0x00000002   Code   RO          370    i.PendSV_Handler    stm32f1xx_it.o
    0x080027fe   0x080027fe   0x00000002   PAD
    0x08002800   0x08002800   0x00000034   Code   RO         3717    i.Read_Encoder      encoder.o
    0x08002834   0x08002834   0x00000002   Code   RO          371    i.SVC_Handler       stm32f1xx_it.o
    0x08002836   0x08002836   0x00000002   PAD
    0x08002838   0x08002838   0x00000054   Code   RO         3633    i.Set_Pwm           motor.o
    0x0800288c   0x0800288c   0x00000004   Code   RO          372    i.SysTick_Handler   stm32f1xx_it.o
    0x08002890   0x08002890   0x0000005e   Code   RO           15    i.SystemClock_Config  main.o
    0x080028ee   0x080028ee   0x00000002   Code   RO         2830    i.SystemInit        system_stm32f1xx.o
    0x080028f0   0x080028f0   0x0000000c   Code   RO          373    i.TIM2_IRQHandler   stm32f1xx_it.o
    0x080028fc   0x080028fc   0x0000000c   Code   RO          374    i.TIM4_IRQHandler   stm32f1xx_it.o
    0x08002908   0x08002908   0x0000006c   Code   RO          619    i.TIM_Base_SetConfig  stm32f1xx_hal_tim.o
    0x08002974   0x08002974   0x0000001a   Code   RO          620    i.TIM_CCxChannelCmd  stm32f1xx_hal_tim.o
    0x0800298e   0x0800298e   0x00000014   Code   RO          630    i.TIM_ETR_SetConfig  stm32f1xx_hal_tim.o
    0x080029a2   0x080029a2   0x00000010   Code   RO          631    i.TIM_ITRx_SetConfig  stm32f1xx_hal_tim.o
    0x080029b2   0x080029b2   0x00000002   PAD
    0x080029b4   0x080029b4   0x00000050   Code   RO          632    i.TIM_OC1_SetConfig  stm32f1xx_hal_tim.o
    0x08002a04   0x08002a04   0x00000058   Code   RO          633    i.TIM_OC2_SetConfig  stm32f1xx_hal_tim.o
    0x08002a5c   0x08002a5c   0x00000058   Code   RO          634    i.TIM_OC3_SetConfig  stm32f1xx_hal_tim.o
    0x08002ab4   0x08002ab4   0x00000044   Code   RO          635    i.TIM_OC4_SetConfig  stm32f1xx_hal_tim.o
    0x08002af8   0x08002af8   0x00000022   Code   RO          637    i.TIM_TI1_ConfigInputStage  stm32f1xx_hal_tim.o
    0x08002b1a   0x08002b1a   0x00000024   Code   RO          639    i.TIM_TI2_ConfigInputStage  stm32f1xx_hal_tim.o
    0x08002b3e   0x08002b3e   0x00000002   PAD
    0x08002b40   0x08002b40   0x00000028   Code   RO         3634    i.Turn_Off          motor.o
    0x08002b68   0x08002b68   0x00000010   Code   RO         2514    i.UART_DMAAbortOnError  stm32f1xx_hal_uart.o
    0x08002b78   0x08002b78   0x00000030   Code   RO         2524    i.UART_EndRxTransfer  stm32f1xx_hal_uart.o
    0x08002ba8   0x08002ba8   0x000000b6   Code   RO         2526    i.UART_Receive_IT   stm32f1xx_hal_uart.o
    0x08002c5e   0x08002c5e   0x00000002   PAD
    0x08002c60   0x08002c60   0x000000b8   Code   RO         2527    i.UART_SetConfig    stm32f1xx_hal_uart.o
    0x08002d18   0x08002d18   0x00000036   Code   RO         2529    i.UART_Start_Receive_IT  stm32f1xx_hal_uart.o
    0x08002d4e   0x08002d4e   0x00000002   PAD
    0x08002d50   0x08002d50   0x0000000c   Code   RO          375    i.USART1_IRQHandler  stm32f1xx_it.o
    0x08002d5c   0x08002d5c   0x00000002   Code   RO          376    i.UsageFault_Handler  stm32f1xx_it.o
    0x08002d5e   0x08002d5e   0x00000002   PAD
    0x08002d60   0x08002d60   0x00000038   Code   RO         3635    i.Xianfu_Pwm        motor.o
    0x08002d98   0x08002d98   0x00000020   Code   RO         3974    i.__0printf$8       mc_w.l(printf8.o)
    0x08002db8   0x08002db8   0x00000028   Code   RO         4086    i.__ARM_fpclassify  m_ws.l(fpclassify.o)
    0x08002de0   0x08002de0   0x00000020   Code   RO         1985    i.__NVIC_SetPriority  stm32f1xx_hal_cortex.o
    0x08002e00   0x08002e00   0x000000aa   Code   RO         4088    i.__kernel_poly     m_ws.l(poly.o)
    0x08002eaa   0x08002eaa   0x00000006   Code   RO         4073    i.__mathlib_dbl_infnan  m_ws.l(dunder.o)
    0x08002eb0   0x08002eb0   0x00000004   Code   RO         4074    i.__mathlib_dbl_infnan2  m_ws.l(dunder.o)
    0x08002eb4   0x08002eb4   0x0000000c   Code   RO         4075    i.__mathlib_dbl_invalid  m_ws.l(dunder.o)
    0x08002ec0   0x08002ec0   0x00000010   Code   RO         4078    i.__mathlib_dbl_underflow  m_ws.l(dunder.o)
    0x08002ed0   0x08002ed0   0x0000000e   Code   RO         4148    i.__scatterload_copy  mc_w.l(handlers.o)
    0x08002ede   0x08002ede   0x00000002   Code   RO         4149    i.__scatterload_null  mc_w.l(handlers.o)
    0x08002ee0   0x08002ee0   0x0000000e   Code   RO         4150    i.__scatterload_zeroinit  mc_w.l(handlers.o)
    0x08002eee   0x08002eee   0x00000002   PAD
    0x08002ef0   0x08002ef0   0x0000000c   Code   RO         4126    i.__set_errno       mc_w.l(errno.o)
    0x08002efc   0x08002efc   0x00000404   Code   RO         3981    i._printf_core      mc_w.l(printf8.o)
    0x08003300   0x08003300   0x00000024   Code   RO         3982    i._printf_post_padding  mc_w.l(printf8.o)
    0x08003324   0x08003324   0x0000002e   Code   RO         3983    i._printf_pre_padding  mc_w.l(printf8.o)
    0x08003352   0x08003352   0x00000002   PAD
    0x08003354   0x08003354   0x00000080   Code   RO         3088    i.accel_self_test   inv_mpu.o
    0x080033d4   0x080033d4   0x00000270   Code   RO         3739    i.asin              m_ws.l(asin.o)
    0x08003644   0x08003644   0x00000220   Code   RO         4063    i.atan              m_ws.l(atan.o)
    0x08003864   0x08003864   0x0000019c   Code   RO         3749    i.atan2             m_ws.l(atan2.o)
    0x08003a00   0x08003a00   0x00000030   Code   RO         3675    i.balance_UP        control.o
    0x08003a30   0x08003a30   0x00000014   Code   RO         2872    i.delay_init        sys.o
    0x08003a44   0x08003a44   0x0000001a   Code   RO         2873    i.delay_ms          sys.o
    0x08003a5e   0x08003a5e   0x00000002   PAD
    0x08003a60   0x08003a60   0x00000034   Code   RO         2874    i.delay_us          sys.o
    0x08003a94   0x08003a94   0x0000003a   Code   RO         3424    i.dmp_enable_6x_lp_quat  inv_mpu_dmp_motion_driver.o
    0x08003ace   0x08003ace   0x00000002   PAD
    0x08003ad0   0x08003ad0   0x000001d8   Code   RO         3425    i.dmp_enable_feature  inv_mpu_dmp_motion_driver.o
    0x08003ca8   0x08003ca8   0x0000003c   Code   RO         3426    i.dmp_enable_gyro_cal  inv_mpu_dmp_motion_driver.o
    0x08003ce4   0x08003ce4   0x0000003a   Code   RO         3427    i.dmp_enable_lp_quat  inv_mpu_dmp_motion_driver.o
    0x08003d1e   0x08003d1e   0x00000002   PAD
    0x08003d20   0x08003d20   0x00000014   Code   RO         3432    i.dmp_load_motion_driver_firmware  inv_mpu_dmp_motion_driver.o
    0x08003d34   0x08003d34   0x00000164   Code   RO         3433    i.dmp_read_fifo     inv_mpu_dmp_motion_driver.o
    0x08003e98   0x08003e98   0x000000d8   Code   RO         3436    i.dmp_set_accel_bias  inv_mpu_dmp_motion_driver.o
    0x08003f70   0x08003f70   0x00000064   Code   RO         3437    i.dmp_set_fifo_rate  inv_mpu_dmp_motion_driver.o
    0x08003fd4   0x08003fd4   0x000000cc   Code   RO         3438    i.dmp_set_gyro_bias  inv_mpu_dmp_motion_driver.o
    0x080040a0   0x080040a0   0x0000010c   Code   RO         3440    i.dmp_set_orientation  inv_mpu_dmp_motion_driver.o
    0x080041ac   0x080041ac   0x00000030   Code   RO         3443    i.dmp_set_shake_reject_thresh  inv_mpu_dmp_motion_driver.o
    0x080041dc   0x080041dc   0x00000020   Code   RO         3444    i.dmp_set_shake_reject_time  inv_mpu_dmp_motion_driver.o
    0x080041fc   0x080041fc   0x00000020   Code   RO         3445    i.dmp_set_shake_reject_timeout  inv_mpu_dmp_motion_driver.o
    0x0800421c   0x0800421c   0x00000040   Code   RO         3446    i.dmp_set_tap_axes  inv_mpu_dmp_motion_driver.o
    0x0800425c   0x0800425c   0x00000022   Code   RO         3447    i.dmp_set_tap_count  inv_mpu_dmp_motion_driver.o
    0x0800427e   0x0800427e   0x00000002   PAD
    0x08004280   0x08004280   0x00000128   Code   RO         3448    i.dmp_set_tap_thresh  inv_mpu_dmp_motion_driver.o
    0x080043a8   0x080043a8   0x00000020   Code   RO         3449    i.dmp_set_tap_time  inv_mpu_dmp_motion_driver.o
    0x080043c8   0x080043c8   0x00000020   Code   RO         3450    i.dmp_set_tap_time_multi  inv_mpu_dmp_motion_driver.o
    0x080043e8   0x080043e8   0x00000018   Code   RO          313    i.fputc             usart.o
    0x08004400   0x08004400   0x000000ac   Code   RO         3089    i.get_accel_prod_shift  inv_mpu.o
    0x080044ac   0x080044ac   0x00000314   Code   RO         3090    i.get_st_biases     inv_mpu.o
    0x080047c0   0x080047c0   0x000000d4   Code   RO         3091    i.gyro_self_test    inv_mpu.o
    0x08004894   0x08004894   0x00000022   Code   RO         3092    i.inv_orientation_matrix_to_scalar  inv_mpu.o
    0x080048b6   0x080048b6   0x00000048   Code   RO         3093    i.inv_row_2_scale   inv_mpu.o
    0x080048fe   0x080048fe   0x00000002   PAD
    0x08004900   0x08004900   0x00000134   Code   RO           16    i.main              main.o
    0x08004a34   0x08004a34   0x00000002   Code   RO         3094    i.mget_ms           inv_mpu.o
    0x08004a36   0x08004a36   0x00000002   PAD
    0x08004a38   0x08004a38   0x00000054   Code   RO         3095    i.mpu_configure_fifo  inv_mpu.o
    0x08004a8c   0x08004a8c   0x0000019c   Code   RO         3096    i.mpu_dmp_get_data  inv_mpu.o
    0x08004c28   0x08004c28   0x0000009c   Code   RO         3097    i.mpu_dmp_init      inv_mpu.o
    0x08004cc4   0x08004cc4   0x0000003c   Code   RO         3098    i.mpu_get_accel_fsr  inv_mpu.o
    0x08004d00   0x08004d00   0x00000044   Code   RO         3100    i.mpu_get_accel_sens  inv_mpu.o
    0x08004d44   0x08004d44   0x00000034   Code   RO         3106    i.mpu_get_gyro_fsr  inv_mpu.o
    0x08004d78   0x08004d78   0x00000040   Code   RO         3108    i.mpu_get_gyro_sens  inv_mpu.o
    0x08004db8   0x08004db8   0x00000038   Code   RO         3110    i.mpu_get_lpf       inv_mpu.o
    0x08004df0   0x08004df0   0x0000001c   Code   RO         3112    i.mpu_get_sample_rate  inv_mpu.o
    0x08004e0c   0x08004e0c   0x00000188   Code   RO         3114    i.mpu_init          inv_mpu.o
    0x08004f94   0x08004f94   0x000000a0   Code   RO         3115    i.mpu_load_firmware  inv_mpu.o
    0x08005034   0x08005034   0x000000b8   Code   RO         3116    i.mpu_lp_accel_mode  inv_mpu.o
    0x080050ec   0x080050ec   0x00000090   Code   RO         3119    i.mpu_read_fifo_stream  inv_mpu.o
    0x0800517c   0x0800517c   0x00000054   Code   RO         3120    i.mpu_read_mem      inv_mpu.o
    0x080051d0   0x080051d0   0x00000160   Code   RO         3123    i.mpu_reset_fifo    inv_mpu.o
    0x08005330   0x08005330   0x000000f0   Code   RO         3124    i.mpu_run_self_test  inv_mpu.o
    0x08005420   0x08005420   0x00000068   Code   RO         3126    i.mpu_set_accel_fsr  inv_mpu.o
    0x08005488   0x08005488   0x000000dc   Code   RO         3127    i.mpu_set_bypass    inv_mpu.o
    0x08005564   0x08005564   0x00000078   Code   RO         3129    i.mpu_set_dmp_state  inv_mpu.o
    0x080055dc   0x080055dc   0x0000006c   Code   RO         3130    i.mpu_set_gyro_fsr  inv_mpu.o
    0x08005648   0x08005648   0x00000064   Code   RO         3131    i.mpu_set_int_latched  inv_mpu.o
    0x080056ac   0x080056ac   0x0000006c   Code   RO         3133    i.mpu_set_lpf       inv_mpu.o
    0x08005718   0x08005718   0x00000080   Code   RO         3134    i.mpu_set_sample_rate  inv_mpu.o
    0x08005798   0x08005798   0x000000b8   Code   RO         3135    i.mpu_set_sensors   inv_mpu.o
    0x08005850   0x08005850   0x00000054   Code   RO         3136    i.mpu_write_mem     inv_mpu.o
    0x080058a4   0x080058a4   0x00000008   Code   RO         3636    i.myabs             motor.o
    0x080058ac   0x080058ac   0x00000080   Code   RO         3137    i.run_self_test     inv_mpu.o
    0x0800592c   0x0800592c   0x00000058   Code   RO         3138    i.set_int_enable    inv_mpu.o
    0x08005984   0x08005984   0x0000004c   Code   RO         4092    i.sqrt              m_ws.l(sqrt.o)
    0x080059d0   0x080059d0   0x00000124   Code   RO         3676    i.turn              control.o
    0x08005af4   0x08005af4   0x000000dc   Code   RO         3677    i.velocity          control.o
    0x08005bd0   0x08005bd0   0x00000010   Data   RO         2831    .constdata          system_stm32f1xx.o
    0x08005be0   0x08005be0   0x00000008   Data   RO         2832    .constdata          system_stm32f1xx.o
    0x08005be8   0x08005be8   0x0000001b   Data   RO         3140    .constdata          inv_mpu.o
    0x08005c03   0x08005c03   0x00000001   PAD
    0x08005c04   0x08005c04   0x0000000c   Data   RO         3141    .constdata          inv_mpu.o
    0x08005c10   0x08005c10   0x00000028   Data   RO         3142    .constdata          inv_mpu.o
    0x08005c38   0x08005c38   0x00000bf6   Data   RO         3452    .constdata          inv_mpu_dmp_motion_driver.o
    0x0800682e   0x0800682e   0x00000002   PAD
    0x08006830   0x08006830   0x00000050   Data   RO         3740    .constdata          m_ws.l(asin.o)
    0x08006880   0x08006880   0x00000098   Data   RO         4064    .constdata          m_ws.l(atan.o)
    0x08006918   0x08006918   0x00000008   Data   RO         4090    .constdata          m_ws.l(qnan.o)
    0x08006920   0x08006920   0x0000004d   Data   RO         3143    .conststring        inv_mpu.o
    0x0800696d   0x0800696d   0x00000003   PAD
    0x08006970   0x08006970   0x00000020   Data   RO         4146    Region$$Table       anon$$obj.o


    Execution Region RW_IRAM1 (Exec base: 0x20000000, Load base: 0x08006990, Size: 0x00000600, Max: 0x00005000, ABSOLUTE)

    Exec Addr    Load Addr    Size         Type   Attr      Idx    E Section Name        Object

    0x20000000   0x08006990   0x0000003c   Data   RW           18    .data               main.o
    0x2000003c   0x080069cc   0x00000005   Data   RW          315    .data               usart.o
    0x20000041   0x080069d1   0x00000003   PAD
    0x20000044   0x080069d4   0x0000000c   Data   RW         1522    .data               stm32f1xx_hal.o
    0x20000050   0x080069e0   0x00000004   Data   RW         2833    .data               system_stm32f1xx.o
    0x20000054   0x080069e4   0x00000004   Data   RW         2875    .data               sys.o
    0x20000058   0x080069e8   0x00000035   Data   RW         3144    .data               inv_mpu.o
    0x2000008d   0x08006a1d   0x00000003   PAD
    0x20000090   0x08006a20   0x00000038   Data   RW         3678    .data               control.o
    0x200000c8   0x08006a58   0x00000004   Data   RW         4115    .data               mc_w.l(stdout.o)
    0x200000cc   0x08006a5c   0x00000004   Data   RW         4127    .data               mc_w.l(errno.o)
    0x200000d0        -       0x000000d8   Zero   RW          245    .bss                tim.o
    0x200001a8        -       0x00000044   Zero   RW          314    .bss                usart.o
    0x200001ec        -       0x00000010   Zero   RW         3451    .bss                inv_mpu_dmp_motion_driver.o
    0x200001fc   0x08006a60   0x00000004   PAD
    0x20000200        -       0x00000400   Zero   RW            1    STACK               startup_stm32f103xb.o


==============================================================================

Image component sizes


      Code (inc. data)   RO Data    RW Data    ZI Data      Debug   Object Name

       560         98          0         56          0       2860   control.o
        52          8          0          0          0        635   encoder.o
       224         20          0          0          0        971   gpio.o
       696         68          0          0          0       4504   iic.o
      5316        288        156         53          0      29562   inv_mpu.o
      2382        118       3062          0         16      19166   inv_mpu_dmp_motion_driver.o
       454         32          0         60          0     431588   main.o
       188         40          0          0          0       2334   motor.o
       640          0          0          0          0       7297   mpu6050.o
        36          8        236          0       1024        792   startup_stm32f103xb.o
       128         24          0         12          0       5229   stm32f1xx_hal.o
       222         14          0          0          0      29473   stm32f1xx_hal_cortex.o
       222          4          0          0          0       1739   stm32f1xx_hal_dma.o
       530         40          0          0          0       4040   stm32f1xx_hal_gpio.o
        60          8          0          0          0        850   stm32f1xx_hal_msp.o
      1272        100          0          0          0       5132   stm32f1xx_hal_rcc.o
      1988         46          0          0          0      17369   stm32f1xx_hal_tim.o
       192         12          0          0          0       3105   stm32f1xx_hal_tim_ex.o
      1154         10          0          0          0       8332   stm32f1xx_hal_uart.o
        62         18          0          0          0       5475   stm32f1xx_it.o
        98          8          0          4          0       1779   sys.o
         2          0         24          4          0       1083   system_stm32f1xx.o
       724         62          0          0        216       4296   tim.o
       424         88          0          5         68       2955   usart.o

    ----------------------------------------------------------------------
     17670       1114       3516        200       1328     590566   Object Totals
         0          0         32          0          0          0   (incl. Generated)
        44          0          6          6          4          0   (incl. Padding)

    ----------------------------------------------------------------------

      Code (inc. data)   RO Data    RW Data    ZI Data      Debug   Library Member Name

       624         52         80          0          0        168   asin.o
       544         70        152          0          0        124   atan.o
       412         38          0          0          0        144   atan2.o
        38          6          0          0          0        272   dunder.o
        40          0          0          0          0         68   fpclassify.o
       170          0          0          0          0         96   poly.o
         0          0          8          0          0          0   qnan.o
        76          0          0          0          0         84   sqrt.o
         0          0          0          0          0          0   entry.o
         0          0          0          0          0          0   entry10a.o
         0          0          0          0          0          0   entry11a.o
         4          0          0          0          0          0   entry12b.o
         8          4          0          0          0          0   entry2.o
         4          0          0          0          0          0   entry5.o
         0          0          0          0          0          0   entry7b.o
         0          0          0          0          0          0   entry8b.o
         8          4          0          0          0          0   entry9a.o
        12          6          0          4          0         68   errno.o
        30          0          0          0          0          0   handlers.o
        36          8          0          0          0         68   init.o
         0          0          0          0          0          0   iusefp.o
        98          0          0          0          0         84   ldiv.o
        30          0          0          0          0         68   llshl.o
        36          0          0          0          0         68   llsshr.o
        32          0          0          0          0         68   llushr.o
        26          0          0          0          0         80   memcmp.o
        36          0          0          0          0        108   memseta.o
      1142         54          0          0          0        352   printf8.o
         0          0          0          4          0          0   stdout.o
        98          0          0          0          0         92   uldiv.o
        48          0          0          0          0         68   cdcmple.o
        20          0          0          0          0         68   cfrcmple.o
        56          0          0          0          0         88   d2f.o
       334          0          0          0          0        148   dadd.o
       222          0          0          0          0        100   ddiv.o
       186          0          0          0          0        176   depilogue.o
        62          0          0          0          0         80   dfixi.o
        34          0          0          0          0         76   dflti.o
       228          0          0          0          0         96   dmul.o
        46          0          0          0          0         80   dscalb.o
       162          0          0          0          0        100   dsqrt.o
        38          0          0          0          0         68   f2d.o
       176          0          0          0          0        140   fadd.o
       124          0          0          0          0         88   fdiv.o
       110          0          0          0          0        168   fepilogue.o
        50          0          0          0          0         68   ffixi.o
        40          0          0          0          0         68   ffixui.o
        18          0          0          0          0         68   fflti.o
        10          0          0          0          0         68   ffltui.o
       100          0          0          0          0         76   fmul.o
        24          0          0          0          0         68   fscalb.o

    ----------------------------------------------------------------------
      5598        242        240          8          0       3972   Library Totals
         6          0          0          0          0          0   (incl. Padding)

    ----------------------------------------------------------------------

      Code (inc. data)   RO Data    RW Data    ZI Data      Debug   Library Name

      1904        166        240          0          0        956   m_ws.l
      1600         76          0          8          0       1056   mc_w.l
      2088          0          0          0          0       1960   mf_w.l

    ----------------------------------------------------------------------
      5598        242        240          8          0       3972   Library Totals

    ----------------------------------------------------------------------

==============================================================================


      Code (inc. data)   RO Data    RW Data    ZI Data      Debug   

     23268       1356       3756        208       1328     583770   Grand Totals
     23268       1356       3756        208       1328     583770   ELF Image Totals
     23268       1356       3756        208          0          0   ROM Totals

==============================================================================

    Total RO  Size (Code + RO Data)                27024 (  26.39kB)
    Total RW  Size (RW Data + ZI Data)              1536 (   1.50kB)
    Total ROM Size (Code + RO Data + RW Data)      27232 (  26.59kB)

==============================================================================

